Archive member included because of file (symbol)

/usr/bin/../lib/gcc/arm-none-eabi/4.9.3/../../../../arm-none-eabi/lib/armv7-m/libc.a(lib_a-malloc.o)
                              out/usbd_cdc.o (malloc)
/usr/bin/../lib/gcc/arm-none-eabi/4.9.3/../../../../arm-none-eabi/lib/armv7-m/libc.a(lib_a-mallocr.o)
                              /usr/bin/../lib/gcc/arm-none-eabi/4.9.3/../../../../arm-none-eabi/lib/armv7-m/libc.a(lib_a-malloc.o) (_malloc_r)
/usr/bin/../lib/gcc/arm-none-eabi/4.9.3/../../../../arm-none-eabi/lib/armv7-m/libc.a(lib_a-mlock.o)
                              /usr/bin/../lib/gcc/arm-none-eabi/4.9.3/../../../../arm-none-eabi/lib/armv7-m/libc.a(lib_a-mallocr.o) (__malloc_lock)
/usr/bin/../lib/gcc/arm-none-eabi/4.9.3/../../../../arm-none-eabi/lib/armv7-m/libc.a(lib_a-sbrkr.o)
                              /usr/bin/../lib/gcc/arm-none-eabi/4.9.3/../../../../arm-none-eabi/lib/armv7-m/libc.a(lib_a-mallocr.o) (_sbrk_r)
/usr/bin/../lib/gcc/arm-none-eabi/4.9.3/../../../../arm-none-eabi/lib/armv7-m/libc.a(lib_a-freer.o)
                              /usr/bin/../lib/gcc/arm-none-eabi/4.9.3/../../../../arm-none-eabi/lib/armv7-m/libc.a(lib_a-malloc.o) (_free_r)
/usr/bin/../lib/gcc/arm-none-eabi/4.9.3/../../../../arm-none-eabi/lib/armv7-m/libc.a(lib_a-impure.o)
                              /usr/bin/../lib/gcc/arm-none-eabi/4.9.3/../../../../arm-none-eabi/lib/armv7-m/libc.a(lib_a-malloc.o) (_impure_ptr)
/usr/bin/../lib/gcc/arm-none-eabi/4.9.3/../../../../arm-none-eabi/lib/armv7-m/libc.a(lib_a-reent.o)
                              /usr/bin/../lib/gcc/arm-none-eabi/4.9.3/../../../../arm-none-eabi/lib/armv7-m/libc.a(lib_a-sbrkr.o) (errno)
/usr/bin/../lib/gcc/arm-none-eabi/4.9.3/../../../../arm-none-eabi/lib/armv7-m/libnosys.a(sbrk.o)
                              /usr/bin/../lib/gcc/arm-none-eabi/4.9.3/../../../../arm-none-eabi/lib/armv7-m/libc.a(lib_a-sbrkr.o) (_sbrk)

Allocating common symbols
Common symbol       size              file

hUsbDeviceFS        0x224             out/usb_device.o
hUsbDevice_0        0x4               out/usbd_cdc_if.o
errno               0x4               /usr/bin/../lib/gcc/arm-none-eabi/4.9.3/../../../../arm-none-eabi/lib/armv7-m/libc.a(lib_a-reent.o)
hpcd_USB_OTG_FS     0x3b4             out/usbd_conf.o
pFlash              0x20              out/stm32f4xx_hal_flash.o
UserRxBufferFS      0x4               out/usbd_cdc_if.o
UserTxBufferFS      0x4               out/usbd_cdc_if.o
USBD_StrDesc        0x200             out/usbd_desc.o

Discarded input sections

 .text          0x0000000000000000       0x14 out/startup_stm32f401xc.o
 .data          0x0000000000000000        0x0 out/startup_stm32f401xc.o
 .bss           0x0000000000000000        0x0 out/startup_stm32f401xc.o
 .bss           0x0000000000000000        0x0 out/system_stm32f4xx.o
 .data          0x0000000000000000        0x0 out/stm32f4xx_hal.o
 .text          0x0000000000000000      0x208 out/stm32f4xx_hal_pwr.o
 .data          0x0000000000000000        0x0 out/stm32f4xx_hal_pwr.o
 .bss           0x0000000000000000        0x0 out/stm32f4xx_hal_pwr.o
 .debug_info    0x0000000000000000      0x9f7 out/stm32f4xx_hal_pwr.o
 .debug_abbrev  0x0000000000000000      0x243 out/stm32f4xx_hal_pwr.o
 .debug_loc     0x0000000000000000      0x1a0 out/stm32f4xx_hal_pwr.o
 .debug_aranges
                0x0000000000000000       0x20 out/stm32f4xx_hal_pwr.o
 .debug_line    0x0000000000000000      0x242 out/stm32f4xx_hal_pwr.o
 .debug_str     0x0000000000000000      0x560 out/stm32f4xx_hal_pwr.o
 .comment       0x0000000000000000       0x71 out/stm32f4xx_hal_pwr.o
 .debug_frame   0x0000000000000000      0x140 out/stm32f4xx_hal_pwr.o
 .ARM.attributes
                0x0000000000000000       0x33 out/stm32f4xx_hal_pwr.o
 .text          0x0000000000000000      0x31c out/stm32f4xx_hal_flash_ex.o
 .data          0x0000000000000000        0x0 out/stm32f4xx_hal_flash_ex.o
 .bss           0x0000000000000000        0x0 out/stm32f4xx_hal_flash_ex.o
 .debug_info    0x0000000000000000      0xb31 out/stm32f4xx_hal_flash_ex.o
 .debug_abbrev  0x0000000000000000      0x2f0 out/stm32f4xx_hal_flash_ex.o
 .debug_loc     0x0000000000000000      0x72d out/stm32f4xx_hal_flash_ex.o
 .debug_aranges
                0x0000000000000000       0x20 out/stm32f4xx_hal_flash_ex.o
 .debug_ranges  0x0000000000000000      0x118 out/stm32f4xx_hal_flash_ex.o
 .debug_line    0x0000000000000000      0x39a out/stm32f4xx_hal_flash_ex.o
 .debug_str     0x0000000000000000      0x67d out/stm32f4xx_hal_flash_ex.o
 .comment       0x0000000000000000       0x71 out/stm32f4xx_hal_flash_ex.o
 .debug_frame   0x0000000000000000       0xec out/stm32f4xx_hal_flash_ex.o
 .ARM.attributes
                0x0000000000000000       0x33 out/stm32f4xx_hal_flash_ex.o
 .text          0x0000000000000000      0x108 out/stm32f4xx_hal_dma_ex.o
 .data          0x0000000000000000        0x0 out/stm32f4xx_hal_dma_ex.o
 .bss           0x0000000000000000        0x0 out/stm32f4xx_hal_dma_ex.o
[...]
Memory Configuration

Name             Origin             Length             Attributes
FLASH            0x0000000008000000 0x0000000000040000 xr
RAM              0x0000000020000000 0x0000000000010000 xrw
MEMORY_B1        0x0000000060000000 0x0000000000000000 xr
CCMRAM           0x0000000010000000 0x0000000000000000 rw
*default*        0x0000000000000000 0xffffffffffffffff

Linker script and memory map

LOAD out/startup_stm32f401xc.o
LOAD out/system_stm32f4xx.o
LOAD out/stm32f4xx_hal.o
LOAD out/stm32f4xx_hal_pwr.o
LOAD out/stm32f4xx_hal_flash_ex.o
LOAD out/stm32f4xx_hal_dma_ex.o
LOAD out/stm32f4xx_hal_pcd_ex.o
LOAD out/stm32f4xx_hal_rcc.o
LOAD out/stm32f4xx_hal_cortex.o
LOAD out/stm32f4xx_hal_flash.o
LOAD out/stm32f4xx_hal_pcd.o
LOAD out/stm32f4xx_ll_usb.o
LOAD out/stm32f4xx_hal_dma.o
LOAD out/stm32f4xx_hal_rcc_ex.o
LOAD out/stm32f4xx_hal_pwr_ex.o
LOAD out/stm32f4xx_hal_gpio.o
LOAD out/stm32f4xx_hal_flash_ramfunc.o
LOAD out/usbd_ioreq.o
LOAD out/usbd_ctlreq.o
LOAD out/usbd_core.o
LOAD out/usbd_cdc.o
LOAD out/usbd_desc.o
LOAD out/usbd_conf.o
LOAD out/usb_device.o
LOAD out/main.o
LOAD out/stm32f4xx_hal_msp.o
LOAD out/stm32f4xx_it.o
LOAD out/usbd_cdc_if.o
LOAD /usr/bin/../lib/gcc/arm-none-eabi/4.9.3/../../../../arm-none-eabi/lib/armv7-m/libm.a
LOAD /usr/bin/../lib/gcc/arm-none-eabi/4.9.3/../../../../arm-none-eabi/lib/armv7-m/libm.a
LOAD /usr/bin/../lib/gcc/arm-none-eabi/4.9.3/../../../../arm-none-eabi/lib/armv7-m/libc.a
LOAD /usr/bin/../lib/gcc/arm-none-eabi/4.9.3/armv7-m/libgcc.a
LOAD /usr/bin/../lib/gcc/arm-none-eabi/4.9.3/../../../../arm-none-eabi/lib/armv7-m/libnosys.a
START GROUP
LOAD /usr/bin/../lib/gcc/arm-none-eabi/4.9.3/armv7-m/libgcc.a
LOAD /usr/bin/../lib/gcc/arm-none-eabi/4.9.3/../../../../arm-none-eabi/lib/armv7-m/libg.a
LOAD /usr/bin/../lib/gcc/arm-none-eabi/4.9.3/../../../../arm-none-eabi/lib/armv7-m/libc.a
END GROUP
                0x000000002000ffff                _estack = 0x2000ffff
                0x0000000000000000                _Min_Heap_Size = 0x0
                0x0000000000000400                _Min_Stack_Size = 0x400

.isr_vector     0x0000000008000000      0x194
                0x0000000008000000                . = ALIGN (0x4)
 *(.isr_vector)
 .isr_vector    0x0000000008000000      0x194 out/startup_stm32f401xc.o
                0x0000000008000000                g_pfnVectors
                0x0000000008000194                . = ALIGN (0x4)

.text           0x0000000008000194     0x4920
                0x0000000008000194                . = ALIGN (0x4)
 *(.text)
 .text          0x0000000008000194       0xc4 out/system_stm32f4xx.o
                0x0000000008000194                SystemInit
                0x00000000080001d8                SystemCoreClockUpdate
 .text          0x0000000008000258      0x1a0 out/stm32f4xx_hal.o
                0x000000000800025c                HAL_MspDeInit
                0x0000000008000260                HAL_DeInit
                0x000000000800028c                HAL_InitTick
                0x00000000080002b4                HAL_Init
                0x00000000080002e8                HAL_IncTick
                0x00000000080002f8                HAL_GetTick
                0x0000000008000304                HAL_Delay
                0x0000000008000320                HAL_SuspendTick
                0x0000000008000330                HAL_ResumeTick
                0x0000000008000340                HAL_GetHalVersion
                0x0000000008000348                HAL_GetREVID
                0x0000000008000354                HAL_GetDEVID
                0x0000000008000364                HAL_DBGMCU_EnableDBGSleepMode
                0x0000000008000374                HAL_DBGMCU_DisableDBGSleepMode
                0x0000000008000384                HAL_DBGMCU_EnableDBGStopMode
                0x0000000008000394                HAL_DBGMCU_DisableDBGStopMode
                0x00000000080003a4                HAL_DBGMCU_EnableDBGStandbyMode
                0x00000000080003b4                HAL_DBGMCU_DisableDBGStandbyMode
                0x00000000080003c4                HAL_EnableCompensationCell
                0x00000000080003dc                HAL_DisableCompensationCell
 .text          0x00000000080003f8       0x54 out/stm32f4xx_hal_pcd_ex.o
                0x00000000080003f8                HAL_PCDEx_SetTxFiFo
                0x0000000008000444                HAL_PCDEx_SetRxFiFo
 .text          0x000000000800044c      0x8fc out/stm32f4xx_hal_rcc.o
                0x000000000800044c                HAL_RCC_DeInit
                0x0000000008000498                HAL_RCC_OscConfig
                0x0000000008000808                HAL_RCC_ClockConfig
                0x0000000008000a04                HAL_RCC_MCOConfig
                0x0000000008000aa8                HAL_RCC_EnableCSS
                0x0000000008000ab4                HAL_RCC_DisableCSS
                0x0000000008000ac0                HAL_RCC_GetSysClockFreq
                0x0000000008000b5c                HAL_RCC_GetHCLKFreq
                0x0000000008000b94                HAL_RCC_GetPCLK1Freq
                0x0000000008000bc4                HAL_RCC_GetPCLK2Freq
                0x0000000008000bf4                HAL_RCC_GetOscConfig
                0x0000000008000ce0                HAL_RCC_GetClockConfig
                0x0000000008000d24                HAL_RCC_CSSCallback
                0x0000000008000d28                HAL_RCC_NMI_IRQHandler
 .text          0x0000000008000d48      0x214 out/stm32f4xx_hal_cortex.o
                0x0000000008000d48                HAL_NVIC_SetPriorityGrouping
                0x0000000008000d6c                HAL_NVIC_SetPriority
                0x0000000008000dd8                HAL_NVIC_EnableIRQ
                0x0000000008000df0                HAL_NVIC_DisableIRQ
                0x0000000008000e08                HAL_NVIC_SystemReset
                0x0000000008000e28                HAL_SYSTICK_Config
                0x0000000008000e58                HAL_NVIC_GetPriorityGrouping
                0x0000000008000e68                HAL_NVIC_GetPriority
                0x0000000008000ec8                HAL_NVIC_SetPendingIRQ
                0x0000000008000ee0                HAL_NVIC_GetPendingIRQ
                0x0000000008000f00                HAL_NVIC_ClearPendingIRQ
                0x0000000008000f18                HAL_NVIC_GetActive
                0x0000000008000f38                HAL_SYSTICK_CLKSourceConfig
                0x0000000008000f50                HAL_SYSTICK_Callback
                0x0000000008000f54                HAL_SYSTICK_IRQHandler
 .text          0x0000000008000f5c      0xa14 out/stm32f4xx_hal_pcd.o
                0x0000000008000f60                HAL_PCD_Init
                0x0000000008001038                HAL_PCD_DeInit
                0x000000000800107c                HAL_PCD_Start
                0x00000000080010a8                HAL_PCD_Stop
                0x0000000008001104                HAL_PCD_IRQHandler
                0x0000000008001620                HAL_PCD_DevConnect
                0x0000000008001644                HAL_PCD_DevDisconnect
                0x0000000008001668                HAL_PCD_SetAddress
                0x000000000800168c                HAL_PCD_EP_Open
                0x0000000008001704                HAL_PCD_EP_Close
                0x0000000008001754                HAL_PCD_EP_Receive
                0x00000000080017c0                HAL_PCD_EP_GetRxCount
                0x00000000080017d4                HAL_PCD_EP_Transmit
                0x0000000008001848                HAL_PCD_EP_SetStall
                0x00000000080018a8                HAL_PCD_EP_ClrStall
                0x00000000080018fc                HAL_PCD_EP_Flush
                0x0000000008001938                HAL_PCD_ActivateRemoteWakeup
                0x0000000008001954                HAL_PCD_DeActivateRemoteWakeup
                0x0000000008001968                HAL_PCD_GetState
 .text          0x0000000008001970     0x14dc out/stm32f4xx_ll_usb.o
                0x00000000080019a4                USB_CoreInit
                0x0000000008001a1c                USB_EnableGlobalInt
                0x0000000008001a2c                USB_DisableGlobalInt
                0x0000000008001a3c                USB_SetCurrentMode
                0x0000000008001a70                USB_DevInit
                0x0000000008001be4                USB_FlushTxFifo
                0x0000000008001c08                USB_FlushRxFifo
                0x0000000008001c28                USB_SetDevSpeed
                0x0000000008001c38                USB_GetDevSpeed
                0x0000000008001c70                USB_ActivateEndpoint
                0x0000000008001d00                USB_ActivateDedicatedEndpoint
                0x0000000008001de0                USB_DeactivateEndpoint
                0x0000000008001e60                USB_DeactivateDedicatedEndpoint
                0x0000000008001ebc                USB_EPStartXfer
                0x000000000800210c                USB_EP0StartXfer
                0x0000000008002270                USB_WritePacket
                0x0000000008002298                USB_ReadPacket
                0x00000000080022c4                USB_EPSetStall
                0x0000000008002320                USB_EPClearStall
                0x0000000008002380                USB_StopDevice
                0x00000000080023e4                USB_SetDevAddress
                0x0000000008002404                USB_DevConnect
                0x0000000008002420                USB_DevDisconnect
                0x000000000800243c                USB_ReadInterrupts
                0x0000000008002444                USB_ReadDevAllOutEpInterrupt
                0x0000000008002454                USB_ReadDevAllInEpInterrupt
                0x0000000008002464                USB_ReadDevOutEPInterrupt
                0x0000000008002478                USB_ReadDevInEPInterrupt
                0x000000000800249c                USB_ClearInterrupts
                0x00000000080024a4                USB_GetMode
                0x00000000080024ac                USB_ActivateSetup
                0x00000000080024e4                USB_EP0_OutStart
                0x0000000008002528                USB_InitFSLSPClkSel
                0x0000000008002570                USB_ResetPort
                0x00000000080025a4                USB_DriveVbus
                0x00000000080025e8                USB_HostInit
                0x00000000080026ec                USB_GetHostSpeed
                0x0000000008002700                USB_GetCurrentFrame
                0x000000000800270c                USB_HC_Init
                0x0000000008002820                USB_HC_ReadInterrupt
                0x0000000008002840                USB_HC_Halt
                0x0000000008002a40                USB_DoPing
                0x0000000008002ac4                USB_HC_StartXfer
                0x0000000008002d4c                USB_StopHost
 .text          0x0000000008002e4c      0x35c out/stm32f4xx_hal_gpio.o
                0x0000000008002e4c                HAL_GPIO_Init
                0x0000000008003018                HAL_GPIO_DeInit
                0x0000000008003144                HAL_GPIO_ReadPin
                0x0000000008003150                HAL_GPIO_WritePin
                0x0000000008003158                HAL_GPIO_TogglePin
                0x0000000008003160                HAL_GPIO_LockPin
                0x000000000800318c                HAL_GPIO_EXTI_Callback
                0x0000000008003190                HAL_GPIO_EXTI_IRQHandler
 .text          0x00000000080031a8       0xa0 out/usbd_ioreq.o
                0x00000000080031a8                USBD_CtlSendData
                0x00000000080031c4                USBD_CtlContinueSendData
                0x00000000080031d8                USBD_CtlPrepareRx
                0x00000000080031f8                USBD_CtlContinueRx
                0x000000000800320c                USBD_CtlSendStatus
                0x0000000008003224                USBD_CtlReceiveStatus
                0x000000000800323c                USBD_GetRxCount
 .text          0x0000000008003248      0x44c out/usbd_ctlreq.o
                0x0000000008003248                USBD_StdDevReq
                0x00000000080034fc                USBD_StdItfReq
                0x0000000008003538                USBD_StdEPReq
                0x0000000008003608                USBD_ParseSetupRequest
                0x0000000008003630                USBD_CtlError
                0x0000000008003648                USBD_GetString
 .text          0x0000000008003694      0x2cc out/usbd_core.o
                0x0000000008003694                USBD_Init
                0x00000000080036c0                USBD_DeInit
                0x00000000080036e4                USBD_RegisterClass
                0x00000000080036f4                USBD_Start
                0x0000000008003700                USBD_Stop
                0x0000000008003718                USBD_RunTestMode
                0x000000000800371c                USBD_SetClassConfig
                0x0000000008003730                USBD_ClrClassConfig
                0x0000000008003740                USBD_LL_SetupStage
                0x00000000080037a0                USBD_LL_DataOutStage
                0x000000000800380c                USBD_LL_DataInStage
                0x00000000080038b0                USBD_LL_Reset
                0x00000000080038f0                USBD_LL_SetSpeed
                0x00000000080038f8                USBD_LL_Suspend
                0x000000000800390c                USBD_LL_Resume
                0x000000000800391c                USBD_LL_SOF
                0x000000000800393c                USBD_LL_IsoINIncomplete
                0x0000000008003940                USBD_LL_IsoOUTIncomplete
                0x0000000008003944                USBD_LL_DevConnected
                0x0000000008003948                USBD_LL_DevDisconnected
 .text          0x0000000008003960      0x25c out/usbd_cdc.o
                0x00000000080039c0                USBD_CDC_GetDeviceQualifierDescriptor
                0x0000000008003b34                USBD_CDC_RegisterInterface
                0x0000000008003b44                USBD_CDC_SetTxBuffer
                0x0000000008003b54                USBD_CDC_SetRxBuffer
                0x0000000008003b60                USBD_CDC_TransmitPacket
                0x0000000008003b90                USBD_CDC_ReceivePacket
 .text          0x0000000008003bbc       0xa4 out/usbd_desc.o
                0x0000000008003bbc                USBD_FS_DeviceDescriptor
                0x0000000008003bc8                USBD_FS_LangIDStrDescriptor
                0x0000000008003bd4                USBD_FS_ManufacturerStrDescriptor
                0x0000000008003bf0                USBD_FS_ProductStrDescriptor
                0x0000000008003c0c                USBD_FS_SerialStrDescriptor
                0x0000000008003c28                USBD_FS_ConfigStrDescriptor
                0x0000000008003c44                USBD_FS_InterfaceStrDescriptor
 .text          0x0000000008003c60      0x2b4 out/usbd_conf.o
                0x0000000008003c60                HAL_PCD_MspInit
                0x0000000008003cd8                HAL_PCD_MspDeInit
                0x0000000008003d14                HAL_PCD_SetupStageCallback
                0x0000000008003d24                HAL_PCD_DataOutStageCallback
                0x0000000008003d38                HAL_PCD_DataInStageCallback
                0x0000000008003d4c                HAL_PCD_SOFCallback
                0x0000000008003d54                HAL_PCD_ResetCallback
                0x0000000008003d74                HAL_PCD_SuspendCallback
                0x0000000008003da4                HAL_PCD_ResumeCallback
                0x0000000008003dac                HAL_PCD_ISOOUTIncompleteCallback
                0x0000000008003db4                HAL_PCD_ISOINIncompleteCallback
                0x0000000008003dbc                HAL_PCD_ConnectCallback
                0x0000000008003dc4                HAL_PCD_DisconnectCallback
                0x0000000008003dcc                USBD_LL_Init
                0x0000000008003e28                USBD_LL_DeInit
                0x0000000008003e38                USBD_LL_Start
                0x0000000008003e48                USBD_LL_Stop
                0x0000000008003e58                USBD_LL_OpenEP
                0x0000000008003e6c                USBD_LL_CloseEP
                0x0000000008003e7c                USBD_LL_FlushEP
                0x0000000008003e8c                USBD_LL_StallEP
                0x0000000008003e9c                USBD_LL_ClearStallEP
                0x0000000008003eac                USBD_LL_IsStallEP
                0x0000000008003ed4                USBD_LL_SetUSBAddress
                0x0000000008003ee4                USBD_LL_Transmit
                0x0000000008003ef4                USBD_LL_PrepareReceive
                0x0000000008003f04                USBD_LL_GetRxDataSize
                0x0000000008003f10                USBD_LL_Delay
 .text          0x0000000008003f14       0x38 out/usb_device.o
                0x0000000008003f14                MX_USB_DEVICE_Init
 .text          0x0000000008003f4c       0x9c out/main.o
                0x0000000008003f4c                SystemClock_Config
 .text          0x0000000008003fe8       0x18 out/stm32f4xx_hal_msp.o
                0x0000000008003fe8                HAL_MspInit
 .text          0x0000000008004000       0x3c out/stm32f4xx_it.o
                0x0000000008004000                SysTick_Handler
                0x0000000008004010                OTG_FS_IRQHandler
                0x000000000800401c                EXTI0_IRQHandler
 .text          0x000000000800403c       0xb0 out/usbd_cdc_if.o
                0x0000000008004074                CDC_Receive_FS
                0x00000000080040d0                CDC_Transmit_FS
 *(.text*)
 .text.Reset_Handler
                0x00000000080040ec       0x4c out/startup_stm32f401xc.o
                0x00000000080040ec                Reset_Handler
 .text.Default_Handler
                0x0000000008004138        0x2 out/startup_stm32f401xc.o
                0x0000000008004138                RTC_Alarm_IRQHandler
                0x0000000008004138                EXTI2_IRQHandler
                0x0000000008004138                DebugMon_Handler
                0x0000000008004138                SPI4_IRQHandler
                0x0000000008004138                TIM1_CC_IRQHandler
                0x0000000008004138                DMA2_Stream5_IRQHandler
                0x0000000008004138                HardFault_Handler
                0x0000000008004138                DMA1_Stream5_IRQHandler
                0x0000000008004138                PVD_IRQHandler
                0x0000000008004138                SDIO_IRQHandler
                0x0000000008004138                TAMP_STAMP_IRQHandler
                0x0000000008004138                PendSV_Handler
                0x0000000008004138                NMI_Handler
                0x0000000008004138                EXTI3_IRQHandler
                0x0000000008004138                TIM1_UP_TIM10_IRQHandler
                0x0000000008004138                I2C3_ER_IRQHandler
                0x0000000008004138                I2C2_EV_IRQHandler
                0x0000000008004138                DMA1_Stream2_IRQHandler
                0x0000000008004138                FPU_IRQHandler
                0x0000000008004138                UsageFault_Handler
                0x0000000008004138                DMA2_Stream2_IRQHandler
                0x0000000008004138                SPI1_IRQHandler
                0x0000000008004138                TIM1_BRK_TIM9_IRQHandler
                0x0000000008004138                DMA2_Stream3_IRQHandler
                0x0000000008004138                USART6_IRQHandler
                0x0000000008004138                DMA2_Stream0_IRQHandler
                0x0000000008004138                TIM4_IRQHandler
                0x0000000008004138                I2C1_EV_IRQHandler
                0x0000000008004138                DMA1_Stream6_IRQHandler
                0x0000000008004138                DMA1_Stream1_IRQHandler
                0x0000000008004138                TIM3_IRQHandler
                0x0000000008004138                RCC_IRQHandler
                0x0000000008004138                Default_Handler
                0x0000000008004138                EXTI15_10_IRQHandler
                0x0000000008004138                ADC_IRQHandler
                0x0000000008004138                DMA1_Stream7_IRQHandler
                0x0000000008004138                TIM5_IRQHandler
                0x0000000008004138                DMA2_Stream7_IRQHandler
                0x0000000008004138                I2C3_EV_IRQHandler
                0x0000000008004138                EXTI9_5_IRQHandler
                0x0000000008004138                RTC_WKUP_IRQHandler
                0x0000000008004138                SPI2_IRQHandler
                0x0000000008004138                MemManage_Handler
                0x0000000008004138                DMA1_Stream0_IRQHandler
                0x0000000008004138                SVC_Handler
                0x0000000008004138                EXTI4_IRQHandler
                0x0000000008004138                WWDG_IRQHandler
                0x0000000008004138                TIM2_IRQHandler
                0x0000000008004138                OTG_FS_WKUP_IRQHandler
                0x0000000008004138                TIM1_TRG_COM_TIM11_IRQHandler
                0x0000000008004138                EXTI1_IRQHandler
                0x0000000008004138                USART2_IRQHandler
                0x0000000008004138                I2C2_ER_IRQHandler
                0x0000000008004138                DMA2_Stream1_IRQHandler
                0x0000000008004138                FLASH_IRQHandler
                0x0000000008004138                DMA2_Stream4_IRQHandler
                0x0000000008004138                BusFault_Handler
                0x0000000008004138                USART1_IRQHandler
                0x0000000008004138                SPI3_IRQHandler
                0x0000000008004138                DMA1_Stream4_IRQHandler
                0x0000000008004138                I2C1_ER_IRQHandler
                0x0000000008004138                DMA2_Stream6_IRQHandler
                0x0000000008004138                DMA1_Stream3_IRQHandler
 *fill*         0x000000000800413a        0x2 
 .text.startup  0x000000000800413c      0x1c0 out/main.o
                0x000000000800413c                main
 .text.malloc   0x00000000080042fc       0x10 /usr/bin/../lib/gcc/arm-none-eabi/4.9.3/../../../../arm-none-eabi/lib/armv7-m/libc.a(lib_a-malloc.o)
                0x00000000080042fc                malloc
 .text.free     0x000000000800430c       0x10 /usr/bin/../lib/gcc/arm-none-eabi/4.9.3/../../../../arm-none-eabi/lib/armv7-m/libc.a(lib_a-malloc.o)
                0x000000000800430c                free
 .text._malloc_r
                0x000000000800431c      0x504 /usr/bin/../lib/gcc/arm-none-eabi/4.9.3/../../../../arm-none-eabi/lib/armv7-m/libc.a(lib_a-mallocr.o)
                0x000000000800431c                _malloc_r
 .text.__malloc_lock
                0x0000000008004820        0x4 /usr/bin/../lib/gcc/arm-none-eabi/4.9.3/../../../../arm-none-eabi/lib/armv7-m/libc.a(lib_a-mlock.o)
                0x0000000008004820                __malloc_lock
 .text.__malloc_unlock
                0x0000000008004824        0x4 /usr/bin/../lib/gcc/arm-none-eabi/4.9.3/../../../../arm-none-eabi/lib/armv7-m/libc.a(lib_a-mlock.o)
                0x0000000008004824                __malloc_unlock
 .text._sbrk_r  0x0000000008004828       0x24 /usr/bin/../lib/gcc/arm-none-eabi/4.9.3/../../../../arm-none-eabi/lib/armv7-m/libc.a(lib_a-sbrkr.o)
                0x0000000008004828                _sbrk_r
 .text._malloc_trim_r
                0x000000000800484c       0x9c /usr/bin/../lib/gcc/arm-none-eabi/4.9.3/../../../../arm-none-eabi/lib/armv7-m/libc.a(lib_a-freer.o)
                0x000000000800484c                _malloc_trim_r
 .text._free_r  0x00000000080048e8      0x1b0 /usr/bin/../lib/gcc/arm-none-eabi/4.9.3/../../../../arm-none-eabi/lib/armv7-m/libc.a(lib_a-freer.o)
                0x00000000080048e8                _free_r
 .text._sbrk    0x0000000008004a98       0x1c /usr/bin/../lib/gcc/arm-none-eabi/4.9.3/../../../../arm-none-eabi/lib/armv7-m/libnosys.a(sbrk.o)
                0x0000000008004a98                _sbrk
 *(.glue_7)
 .glue_7        0x0000000000000000        0x0 linker stubs
 *(.glue_7t)
 .glue_7t       0x0000000000000000        0x0 linker stubs
 *(.eh_frame)
 *(.init)
 *(.fini)
                0x0000000008004ab4                . = ALIGN (0x4)
                0x0000000008004ab4                _etext = .

.vfp11_veneer   0x0000000008004ab4        0x0
 .vfp11_veneer  0x0000000000000000        0x0 linker stubs

.v4_bx          0x0000000008004ab4        0x0
 .v4_bx         0x0000000000000000        0x0 linker stubs

.iplt           0x0000000008004ab4        0x0
 .iplt          0x0000000000000000        0x0 out/startup_stm32f401xc.o

.rodata         0x0000000008004ab4       0x74
                0x0000000008004ab4                . = ALIGN (0x4)
 *(.rodata)
 .rodata        0x0000000008004ab4       0x10 out/stm32f4xx_hal_rcc.o
                0x0000000008004ab4                APBAHBPrescTable
 *(.rodata*)
 .rodata.str1.4
                0x0000000008004ac4       0x56 out/usbd_desc.o
                                         0x58 (size before relaxing)
 *fill*         0x0000000008004b1a        0x2 
 .rodata.str1.4
                0x0000000008004b1c        0x8 out/stm32f4xx_it.o
 .rodata.str1.4
                0x0000000008004b24        0x4 /usr/bin/../lib/gcc/arm-none-eabi/4.9.3/../../../../arm-none-eabi/lib/armv7-m/libc.a(lib_a-impure.o)
                0x0000000008004b28                . = ALIGN (0x4)

.rel.dyn        0x0000000008004b28        0x0
 .rel.iplt      0x0000000000000000        0x0 out/startup_stm32f401xc.o

.ARM.extab
 *(.ARM.extab* .gnu.linkonce.armextab.*)

.ARM            0x0000000008004b28        0x0
                0x0000000008004b28                __exidx_start = .
 *(.ARM.exidx*)
                0x0000000008004b28                __exidx_end = .

.preinit_array  0x0000000008004b28        0x0
                0x0000000008004b28                PROVIDE (__preinit_array_start, .)
 *(.preinit_array*)
                0x0000000008004b28                PROVIDE (__preinit_array_end, .)

.init_array     0x0000000008004b28        0x0
                0x0000000008004b28                PROVIDE (__init_array_start, .)
 *(SORT(.init_array.*))
 *(.init_array*)
                0x0000000008004b28                PROVIDE (__init_array_end, .)

.fini_array     0x0000000008004b28        0x0
                0x0000000008004b28                PROVIDE (__fini_array_start, .)
 *(SORT(.fini_array.*))
 *(.fini_array*)
                0x0000000008004b28                PROVIDE (__fini_array_end, .)
                0x0000000008004b28                _sidata = LOADADDR (.data)

.data           0x0000000020000000      0x9a4 load address 0x0000000008004b28
                0x0000000020000000                . = ALIGN (0x4)
                0x0000000020000000                _sdata = .
 *(.data)
 .data          0x0000000020000000       0x14 out/system_stm32f4xx.o
                0x0000000020000000                AHBPrescTable
                0x0000000020000010                SystemCoreClock
 .data          0x0000000020000014      0x110 out/usbd_cdc.o
                0x0000000020000014                USBD_CDC_CfgFSDesc
                0x0000000020000058                USBD_CDC_CfgHSDesc
                0x000000002000009c                USBD_CDC_OtherSpeedCfgDesc
                0x00000000200000ec                USBD_CDC
 .data          0x0000000020000124       0x34 out/usbd_desc.o
                0x0000000020000124                USBD_FS_DeviceDesc
                0x0000000020000138                USBD_LangIDDesc
                0x000000002000013c                FS_Desc
 .data          0x0000000020000158       0x10 out/usbd_cdc_if.o
                0x0000000020000158                USBD_Interface_fops_FS
 *(.data*)
 .data.__malloc_av_
                0x0000000020000168      0x408 /usr/bin/../lib/gcc/arm-none-eabi/4.9.3/../../../../arm-none-eabi/lib/armv7-m/libc.a(lib_a-mallocr.o)
                0x0000000020000168                __malloc_av_
 .data.__malloc_trim_threshold
                0x0000000020000570        0x4 /usr/bin/../lib/gcc/arm-none-eabi/4.9.3/../../../../arm-none-eabi/lib/armv7-m/libc.a(lib_a-mallocr.o)
                0x0000000020000570                __malloc_trim_threshold
 .data.__malloc_sbrk_base
                0x0000000020000574        0x4 /usr/bin/../lib/gcc/arm-none-eabi/4.9.3/../../../../arm-none-eabi/lib/armv7-m/libc.a(lib_a-mallocr.o)
                0x0000000020000574                __malloc_sbrk_base
 .data.impure_data
                0x0000000020000578      0x428 /usr/bin/../lib/gcc/arm-none-eabi/4.9.3/../../../../arm-none-eabi/lib/armv7-m/libc.a(lib_a-impure.o)
 .data._impure_ptr
                0x00000000200009a0        0x4 /usr/bin/../lib/gcc/arm-none-eabi/4.9.3/../../../../arm-none-eabi/lib/armv7-m/libc.a(lib_a-impure.o)
                0x00000000200009a0                _impure_ptr
                0x00000000200009a4                . = ALIGN (0x4)
                0x00000000200009a4                _edata = .
                0x00000000080054cc                _siccmram = LOADADDR (.ccmram)

.igot.plt       0x00000000200009a4        0x0 load address 0x00000000080054cc
 .igot.plt      0x0000000000000000        0x0 out/startup_stm32f401xc.o

.ccmram         0x0000000010000000        0x0 load address 0x00000000080054cc
                0x0000000010000000                . = ALIGN (0x4)
                0x0000000010000000                _sccmram = .
 *(.ccmram)
 *(.ccmram*)
                0x0000000010000000                . = ALIGN (0x4)
                0x0000000010000000                _eccmram = .
                0x0000000010000000                . = ALIGN (0x4)

.bss            0x00000000200009a4      0x82c
                0x00000000200009a4                _sbss = .
                0x00000000200009a4                __bss_start__ = _sbss
 *(.bss)
 .bss           0x00000000200009a4        0x4 out/stm32f4xx_hal.o
 .bss           0x00000000200009a8        0x4 out/stm32f4xx_ll_usb.o
 .bss           0x00000000200009ac        0x1 out/usbd_ctlreq.o
 .bss           0x00000000200009ad        0x1 out/usbd_cdc.o
 *(.bss*)
 *fill*         0x00000000200009ae        0x2 
 .bss.__malloc_max_total_mem
                0x00000000200009b0        0x4 /usr/bin/../lib/gcc/arm-none-eabi/4.9.3/../../../../arm-none-eabi/lib/armv7-m/libc.a(lib_a-mallocr.o)
                0x00000000200009b0                __malloc_max_total_mem
 .bss.__malloc_max_sbrked_mem
                0x00000000200009b4        0x4 /usr/bin/../lib/gcc/arm-none-eabi/4.9.3/../../../../arm-none-eabi/lib/armv7-m/libc.a(lib_a-mallocr.o)
                0x00000000200009b4                __malloc_max_sbrked_mem
 .bss.__malloc_top_pad
                0x00000000200009b8        0x4 /usr/bin/../lib/gcc/arm-none-eabi/4.9.3/../../../../arm-none-eabi/lib/armv7-m/libc.a(lib_a-mallocr.o)
                0x00000000200009b8                __malloc_top_pad
 .bss.__malloc_current_mallinfo
                0x00000000200009bc       0x28 /usr/bin/../lib/gcc/arm-none-eabi/4.9.3/../../../../arm-none-eabi/lib/armv7-m/libc.a(lib_a-mallocr.o)
                0x00000000200009bc                __malloc_current_mallinfo
 .bss.heap_end.4079
                0x00000000200009e4        0x4 /usr/bin/../lib/gcc/arm-none-eabi/4.9.3/../../../../arm-none-eabi/lib/armv7-m/libnosys.a(sbrk.o)
 *(COMMON)
 COMMON         0x00000000200009e8      0x200 out/usbd_desc.o
                0x00000000200009e8                USBD_StrDesc
 COMMON         0x0000000020000be8      0x3b4 out/usbd_conf.o
                0x0000000020000be8                hpcd_USB_OTG_FS
 COMMON         0x0000000020000f9c      0x224 out/usb_device.o
                0x0000000020000f9c                hUsbDeviceFS
 COMMON         0x00000000200011c0        0xc out/usbd_cdc_if.o
                0x00000000200011c0                hUsbDevice_0
                0x00000000200011c4                UserRxBufferFS
                0x00000000200011c8                UserTxBufferFS
 COMMON         0x00000000200011cc        0x4 /usr/bin/../lib/gcc/arm-none-eabi/4.9.3/../../../../arm-none-eabi/lib/armv7-m/libc.a(lib_a-reent.o)
                0x00000000200011cc                errno
                0x00000000200011d0                . = ALIGN (0x4)
                0x00000000200011d0                _ebss = .
                0x00000000200011d0                __bss_end__ = _ebss

._user_heap_stack
                0x00000000200011d0      0x400
                0x00000000200011d0                . = ALIGN (0x4)
                0x00000000200011d0                PROVIDE (end, .)
                0x00000000200011d0                PROVIDE (_end, .)
                0x00000000200011d0                . = (. + _Min_Heap_Size)
                0x00000000200015d0                . = (. + _Min_Stack_Size)
 *fill*         0x00000000200011d0      0x400 
                0x00000000200015d0                . = ALIGN (0x4)

.memory_b1_text
 *(.mb1text)
 *(.mb1text*)
 *(.mb1rodata)
 *(.mb1rodata*)

/DISCARD/
 libc.a(*)
 libm.a(*)
 libgcc.a(*)

.ARM.attributes
                0x0000000000000000       0x2f
 *(.ARM.attributes)
 .ARM.attributes
                0x0000000000000000       0x21 out/startup_stm32f401xc.o
 .ARM.attributes
                0x0000000000000021       0x33 out/system_stm32f4xx.o
 .ARM.attributes
                0x0000000000000054       0x33 out/stm32f4xx_hal.o
 .ARM.attributes
                0x0000000000000087       0x33 out/stm32f4xx_hal_pcd_ex.o
 .ARM.attributes
                0x00000000000000ba       0x33 out/stm32f4xx_hal_rcc.o
 .ARM.attributes
                0x00000000000000ed       0x33 out/stm32f4xx_hal_cortex.o
 .ARM.attributes
                0x0000000000000120       0x33 out/stm32f4xx_hal_pcd.o
 .ARM.attributes
                0x0000000000000153       0x33 out/stm32f4xx_ll_usb.o
 .ARM.attributes
                0x0000000000000186       0x33 out/stm32f4xx_hal_gpio.o
 .ARM.attributes
                0x00000000000001b9       0x33 out/usbd_ioreq.o
 .ARM.attributes
                0x00000000000001ec       0x33 out/usbd_ctlreq.o
 .ARM.attributes
                0x000000000000021f       0x33 out/usbd_core.o
 .ARM.attributes
                0x0000000000000252       0x33 out/usbd_cdc.o
 .ARM.attributes
                0x0000000000000285       0x33 out/usbd_desc.o
 .ARM.attributes
                0x00000000000002b8       0x33 out/usbd_conf.o
 .ARM.attributes
                0x00000000000002eb       0x33 out/usb_device.o
 .ARM.attributes
                0x000000000000031e       0x33 out/main.o
 .ARM.attributes
                0x0000000000000351       0x33 out/stm32f4xx_hal_msp.o
 .ARM.attributes
                0x0000000000000384       0x33 out/stm32f4xx_it.o
 .ARM.attributes
                0x00000000000003b7       0x33 out/usbd_cdc_if.o
 .ARM.attributes
                0x00000000000003ea       0x2d /usr/bin/../lib/gcc/arm-none-eabi/4.9.3/../../../../arm-none-eabi/lib/armv7-m/libc.a(lib_a-malloc.o)
 .ARM.attributes
                0x0000000000000417       0x2d /usr/bin/../lib/gcc/arm-none-eabi/4.9.3/../../../../arm-none-eabi/lib/armv7-m/libc.a(lib_a-mallocr.o)
 .ARM.attributes
                0x0000000000000444       0x2d /usr/bin/../lib/gcc/arm-none-eabi/4.9.3/../../../../arm-none-eabi/lib/armv7-m/libc.a(lib_a-mlock.o)
 .ARM.attributes
                0x0000000000000471       0x2d /usr/bin/../lib/gcc/arm-none-eabi/4.9.3/../../../../arm-none-eabi/lib/armv7-m/libc.a(lib_a-sbrkr.o)
 .ARM.attributes
                0x000000000000049e       0x2d /usr/bin/../lib/gcc/arm-none-eabi/4.9.3/../../../../arm-none-eabi/lib/armv7-m/libc.a(lib_a-freer.o)
 .ARM.attributes
                0x00000000000004cb       0x2d /usr/bin/../lib/gcc/arm-none-eabi/4.9.3/../../../../arm-none-eabi/lib/armv7-m/libc.a(lib_a-impure.o)
 .ARM.attributes
                0x00000000000004f8       0x2d /usr/bin/../lib/gcc/arm-none-eabi/4.9.3/../../../../arm-none-eabi/lib/armv7-m/libc.a(lib_a-reent.o)
 .ARM.attributes
                0x0000000000000525       0x2d /usr/bin/../lib/gcc/arm-none-eabi/4.9.3/../../../../arm-none-eabi/lib/armv7-m/libnosys.a(sbrk.o)
OUTPUT(out/project.elf elf32-littlearm)

.debug_line     0x0000000000000000     0x32e3
 .debug_line    0x0000000000000000       0xaa out/startup_stm32f401xc.o
 .debug_line    0x00000000000000aa      0x168 out/system_stm32f4xx.o
 .debug_line    0x0000000000000212      0x22c out/stm32f4xx_hal.o
 .debug_line    0x000000000000043e      0x1c6 out/stm32f4xx_hal_pcd_ex.o
 .debug_line    0x0000000000000604      0x570 out/stm32f4xx_hal_rcc.o
 .debug_line    0x0000000000000b74      0x27b out/stm32f4xx_hal_cortex.o
 .debug_line    0x0000000000000def      0x5c8 out/stm32f4xx_hal_pcd.o
 .debug_line    0x00000000000013b7      0x670 out/stm32f4xx_ll_usb.o
 .debug_line    0x0000000000001a27      0x30b out/stm32f4xx_hal_gpio.o
 .debug_line    0x0000000000001d32      0x16e out/usbd_ioreq.o
 .debug_line    0x0000000000001ea0      0x281 out/usbd_ctlreq.o
 .debug_line    0x0000000000002121      0x271 out/usbd_core.o
 .debug_line    0x0000000000002392      0x2b3 out/usbd_cdc.o
 .debug_line    0x0000000000002645      0x13c out/usbd_desc.o
 .debug_line    0x0000000000002781      0x2f2 out/usbd_conf.o
 .debug_line    0x0000000000002a73      0x17e out/usb_device.o
 .debug_line    0x0000000000002bf1      0x29b out/main.o
 .debug_line    0x0000000000002e8c      0x144 out/stm32f4xx_hal_msp.o
 .debug_line    0x0000000000002fd0      0x19e out/stm32f4xx_it.o
 .debug_line    0x000000000000316e      0x175 out/usbd_cdc_if.o

.debug_info     0x0000000000000000     0xe42e
 .debug_info    0x0000000000000000       0x9d out/startup_stm32f401xc.o
 .debug_info    0x000000000000009d      0x51a out/system_stm32f4xx.o
 .debug_info    0x00000000000005b7      0x9db out/stm32f4xx_hal.o
 .debug_info    0x0000000000000f92      0x5c0 out/stm32f4xx_hal_pcd_ex.o
 .debug_info    0x0000000000001552     0x1157 out/stm32f4xx_hal_rcc.o
 .debug_info    0x00000000000026a9      0xcd9 out/stm32f4xx_hal_cortex.o
 .debug_info    0x0000000000003382     0x176b out/stm32f4xx_hal_pcd.o
 .debug_info    0x0000000000004aed     0x1960 out/stm32f4xx_ll_usb.o
 .debug_info    0x000000000000644d      0x7a0 out/stm32f4xx_hal_gpio.o
 .debug_info    0x0000000000006bed      0x826 out/usbd_ioreq.o
 .debug_info    0x0000000000007413      0xead out/usbd_ctlreq.o
 .debug_info    0x00000000000082c0      0xdda out/usbd_core.o
 .debug_info    0x000000000000909a      0xe69 out/usbd_cdc.o
 .debug_info    0x0000000000009f03      0x51e out/usbd_desc.o
 .debug_info    0x000000000000a421     0x1bcd out/usbd_conf.o
 .debug_info    0x000000000000bfee      0x705 out/usb_device.o
 .debug_info    0x000000000000c6f3      0xbc3 out/main.o
 .debug_info    0x000000000000d2b6      0x2cd out/stm32f4xx_hal_msp.o
 .debug_info    0x000000000000d583      0x5eb out/stm32f4xx_it.o
 .debug_info    0x000000000000db6e      0x8c0 out/usbd_cdc_if.o

.debug_abbrev   0x0000000000000000     0x2ab3
 .debug_abbrev  0x0000000000000000       0x12 out/startup_stm32f401xc.o
 .debug_abbrev  0x0000000000000012      0x101 out/system_stm32f4xx.o
 .debug_abbrev  0x0000000000000113      0x2b7 out/stm32f4xx_hal.o
 .debug_abbrev  0x00000000000003ca      0x16b out/stm32f4xx_hal_pcd_ex.o
 .debug_abbrev  0x0000000000000535      0x2f3 out/stm32f4xx_hal_rcc.o
 .debug_abbrev  0x0000000000000828      0x2d7 out/stm32f4xx_hal_cortex.o
 .debug_abbrev  0x0000000000000aff      0x337 out/stm32f4xx_hal_pcd.o
 .debug_abbrev  0x0000000000000e36      0x36e out/stm32f4xx_ll_usb.o
 .debug_abbrev  0x00000000000011a4      0x1fc out/stm32f4xx_hal_gpio.o
 .debug_abbrev  0x00000000000013a0      0x15b out/usbd_ioreq.o
 .debug_abbrev  0x00000000000014fb      0x326 out/usbd_ctlreq.o
 .debug_abbrev  0x0000000000001821      0x296 out/usbd_core.o
 .debug_abbrev  0x0000000000001ab7      0x296 out/usbd_cdc.o
 .debug_abbrev  0x0000000000001d4d      0x1c4 out/usbd_desc.o
 .debug_abbrev  0x0000000000001f11      0x2bf out/usbd_conf.o
 .debug_abbrev  0x00000000000021d0      0x176 out/usb_device.o
 .debug_abbrev  0x0000000000002346      0x242 out/main.o
 .debug_abbrev  0x0000000000002588       0xd1 out/stm32f4xx_hal_msp.o
 .debug_abbrev  0x0000000000002659      0x1cf out/stm32f4xx_it.o
 .debug_abbrev  0x0000000000002828      0x28b out/usbd_cdc_if.o

.debug_aranges  0x0000000000000000      0x290
 .debug_aranges
                0x0000000000000000       0x28 out/startup_stm32f401xc.o
 .debug_aranges
                0x0000000000000028       0x20 out/system_stm32f4xx.o
 .debug_aranges
                0x0000000000000048       0x20 out/stm32f4xx_hal.o
 .debug_aranges
                0x0000000000000068       0x20 out/stm32f4xx_hal_pcd_ex.o
 .debug_aranges
                0x0000000000000088       0x20 out/stm32f4xx_hal_rcc.o
 .debug_aranges
                0x00000000000000a8       0x20 out/stm32f4xx_hal_cortex.o
 .debug_aranges
                0x00000000000000c8       0x20 out/stm32f4xx_hal_pcd.o
 .debug_aranges
                0x00000000000000e8       0x20 out/stm32f4xx_ll_usb.o
 .debug_aranges
                0x0000000000000108       0x20 out/stm32f4xx_hal_gpio.o
 .debug_aranges
                0x0000000000000128       0x20 out/usbd_ioreq.o
 .debug_aranges
                0x0000000000000148       0x20 out/usbd_ctlreq.o
 .debug_aranges
                0x0000000000000168       0x20 out/usbd_core.o
 .debug_aranges
                0x0000000000000188       0x20 out/usbd_cdc.o
 .debug_aranges
                0x00000000000001a8       0x20 out/usbd_desc.o
 .debug_aranges
                0x00000000000001c8       0x20 out/usbd_conf.o
 .debug_aranges
                0x00000000000001e8       0x20 out/usb_device.o
 .debug_aranges
                0x0000000000000208       0x28 out/main.o
 .debug_aranges
                0x0000000000000230       0x20 out/stm32f4xx_hal_msp.o
 .debug_aranges
                0x0000000000000250       0x20 out/stm32f4xx_it.o
 .debug_aranges
                0x0000000000000270       0x20 out/usbd_cdc_if.o

.debug_ranges   0x0000000000000000      0x4c0
 .debug_ranges  0x0000000000000000       0x20 out/startup_stm32f401xc.o
 .debug_ranges  0x0000000000000020      0x128 out/stm32f4xx_hal_rcc.o
 .debug_ranges  0x0000000000000148       0xd0 out/stm32f4xx_hal_cortex.o
 .debug_ranges  0x0000000000000218       0x38 out/stm32f4xx_hal_pcd.o
 .debug_ranges  0x0000000000000250       0x20 out/stm32f4xx_ll_usb.o
 .debug_ranges  0x0000000000000270       0x18 out/stm32f4xx_hal_gpio.o
 .debug_ranges  0x0000000000000288       0xb0 out/usbd_ctlreq.o
 .debug_ranges  0x0000000000000338       0x60 out/usbd_desc.o
 .debug_ranges  0x0000000000000398       0x18 out/usbd_conf.o
 .debug_ranges  0x00000000000003b0      0x110 out/main.o

.debug_loc      0x0000000000000000     0x7870
 .debug_loc     0x0000000000000000      0x1b9 out/system_stm32f4xx.o
 .debug_loc     0x00000000000001b9      0x14e out/stm32f4xx_hal.o
 .debug_loc     0x0000000000000307      0x136 out/stm32f4xx_hal_pcd_ex.o
 .debug_loc     0x000000000000043d      0xa91 out/stm32f4xx_hal_rcc.o
 .debug_loc     0x0000000000000ece      0x5bf out/stm32f4xx_hal_cortex.o
 .debug_loc     0x000000000000148d     0x1129 out/stm32f4xx_hal_pcd.o
 .debug_loc     0x00000000000025b6     0x2126 out/stm32f4xx_ll_usb.o
 .debug_loc     0x00000000000046dc      0x51a out/stm32f4xx_hal_gpio.o
 .debug_loc     0x0000000000004bf6      0x300 out/usbd_ioreq.o
 .debug_loc     0x0000000000004ef6      0xba1 out/usbd_ctlreq.o
 .debug_loc     0x0000000000005a97      0x8f5 out/usbd_core.o
 .debug_loc     0x000000000000638c      0x5ba out/usbd_cdc.o
 .debug_loc     0x0000000000006946      0x313 out/usbd_desc.o
 .debug_loc     0x0000000000006c59      0x915 out/usbd_conf.o
 .debug_loc     0x000000000000756e       0x2c out/usb_device.o
 .debug_loc     0x000000000000759a       0x66 out/main.o
 .debug_loc     0x0000000000007600       0x2c out/stm32f4xx_hal_msp.o
 .debug_loc     0x000000000000762c       0x64 out/stm32f4xx_it.o
 .debug_loc     0x0000000000007690      0x1e0 out/usbd_cdc_if.o

.debug_str      0x0000000000000000     0x2b2f
 .debug_str     0x0000000000000000      0x329 out/system_stm32f4xx.o
                                        0x389 (size before relaxing)
 .debug_str     0x0000000000000329      0x695 out/stm32f4xx_hal.o
                                        0x940 (size before relaxing)
 .debug_str     0x00000000000009be      0x350 out/stm32f4xx_hal_pcd_ex.o
                                        0x551 (size before relaxing)
 .debug_str     0x0000000000000d0e      0x315 out/stm32f4xx_hal_rcc.o
                                        0x6be (size before relaxing)
 .debug_str     0x0000000000001023      0x248 out/stm32f4xx_hal_cortex.o
                                        0x966 (size before relaxing)
 .debug_str     0x000000000000126b      0x6e3 out/stm32f4xx_hal_pcd.o
                                        0xbc8 (size before relaxing)
 .debug_str     0x000000000000194e      0x3ad out/stm32f4xx_ll_usb.o
                                        0xb6e (size before relaxing)
 .debug_str     0x0000000000001cfb      0x15e out/stm32f4xx_hal_gpio.o
                                        0x4dd (size before relaxing)
 .debug_str     0x0000000000001e59      0x41a out/usbd_ioreq.o
                                        0x675 (size before relaxing)
 .debug_str     0x0000000000002273      0x1a5 out/usbd_ctlreq.o
                                        0x748 (size before relaxing)
 .debug_str     0x0000000000002418      0x1c3 out/usbd_core.o
                                        0x82e (size before relaxing)
 .debug_str     0x00000000000025db      0x2a8 out/usbd_cdc.o
                                        0x8b6 (size before relaxing)
 .debug_str     0x0000000000002883      0x113 out/usbd_desc.o
                                        0x3d5 (size before relaxing)
 .debug_str     0x0000000000002996       0x3e out/usbd_conf.o
                                       0x12c6 (size before relaxing)
 .debug_str     0x00000000000029d4       0x48 out/usb_device.o
                                        0x63d (size before relaxing)
 .debug_str     0x0000000000002a1c       0x30 out/main.o
                                        0x8f5 (size before relaxing)
 .debug_str     0x0000000000002a4c       0x18 out/stm32f4xx_hal_msp.o
                                        0x578 (size before relaxing)
 .debug_str     0x0000000000002a64       0x56 out/stm32f4xx_it.o
                                        0x53c (size before relaxing)
 .debug_str     0x0000000000002aba       0x75 out/usbd_cdc_if.o
                                        0x6a3 (size before relaxing)

.comment        0x0000000000000000       0x70
 .comment       0x0000000000000000       0x70 out/system_stm32f4xx.o
                                         0x71 (size before relaxing)
 .comment       0x0000000000000000       0x71 out/stm32f4xx_hal.o
 .comment       0x0000000000000000       0x71 out/stm32f4xx_hal_pcd_ex.o
 .comment       0x0000000000000000       0x71 out/stm32f4xx_hal_rcc.o
 .comment       0x0000000000000000       0x71 out/stm32f4xx_hal_cortex.o
 .comment       0x0000000000000000       0x71 out/stm32f4xx_hal_pcd.o
 .comment       0x0000000000000000       0x71 out/stm32f4xx_ll_usb.o
 .comment       0x0000000000000000       0x71 out/stm32f4xx_hal_gpio.o
 .comment       0x0000000000000000       0x71 out/usbd_ioreq.o
 .comment       0x0000000000000000       0x71 out/usbd_ctlreq.o
 .comment       0x0000000000000000       0x71 out/usbd_core.o
 .comment       0x0000000000000000       0x71 out/usbd_cdc.o
 .comment       0x0000000000000000       0x71 out/usbd_desc.o
 .comment       0x0000000000000000       0x71 out/usbd_conf.o
 .comment       0x0000000000000000       0x71 out/usb_device.o
 .comment       0x0000000000000000       0x71 out/main.o
 .comment       0x0000000000000000       0x71 out/stm32f4xx_hal_msp.o
 .comment       0x0000000000000000       0x71 out/stm32f4xx_it.o
 .comment       0x0000000000000000       0x71 out/usbd_cdc_if.o

.debug_frame    0x0000000000000000     0x189c
 .debug_frame   0x0000000000000000       0x48 out/system_stm32f4xx.o
 .debug_frame   0x0000000000000048      0x188 out/stm32f4xx_hal.o
 .debug_frame   0x00000000000001d0       0x48 out/stm32f4xx_hal_pcd_ex.o
 .debug_frame   0x0000000000000218      0x190 out/stm32f4xx_hal_rcc.o
 .debug_frame   0x00000000000003a8      0x13c out/stm32f4xx_hal_cortex.o
 .debug_frame   0x00000000000004e4      0x2e4 out/stm32f4xx_hal_pcd.o
 .debug_frame   0x00000000000007c8      0x4ec out/stm32f4xx_ll_usb.o
 .debug_frame   0x0000000000000cb4       0xe0 out/stm32f4xx_hal_gpio.o
 .debug_frame   0x0000000000000d94       0xc0 out/usbd_ioreq.o
 .debug_frame   0x0000000000000e54       0xbc out/usbd_ctlreq.o
 .debug_frame   0x0000000000000f10      0x1c0 out/usbd_core.o
 .debug_frame   0x00000000000010d0      0x150 out/usbd_cdc.o
 .debug_frame   0x0000000000001220       0xa8 out/usbd_desc.o
 .debug_frame   0x00000000000012c8      0x270 out/usbd_conf.o
 .debug_frame   0x0000000000001538       0x2c out/usb_device.o
 .debug_frame   0x0000000000001564       0x5c out/main.o
 .debug_frame   0x00000000000015c0       0x2c out/stm32f4xx_hal_msp.o
 .debug_frame   0x00000000000015ec       0x58 out/stm32f4xx_it.o
 .debug_frame   0x0000000000001644       0x8c out/usbd_cdc_if.o
 .debug_frame   0x00000000000016d0       0x30 /usr/bin/../lib/gcc/arm-none-eabi/4.9.3/../../../../arm-none-eabi/lib/armv7-m/libc.a(lib_a-malloc.o)
 .debug_frame   0x0000000000001700       0x54 /usr/bin/../lib/gcc/arm-none-eabi/4.9.3/../../../../arm-none-eabi/lib/armv7-m/libc.a(lib_a-mallocr.o)
 .debug_frame   0x0000000000001754       0x30 /usr/bin/../lib/gcc/arm-none-eabi/4.9.3/../../../../arm-none-eabi/lib/armv7-m/libc.a(lib_a-mlock.o)
 .debug_frame   0x0000000000001784       0x2c /usr/bin/../lib/gcc/arm-none-eabi/4.9.3/../../../../arm-none-eabi/lib/armv7-m/libc.a(lib_a-sbrkr.o)
 .debug_frame   0x00000000000017b0       0x74 /usr/bin/../lib/gcc/arm-none-eabi/4.9.3/../../../../arm-none-eabi/lib/armv7-m/libc.a(lib_a-freer.o)
 .debug_frame   0x0000000000001824       0x58 /usr/bin/../lib/gcc/arm-none-eabi/4.9.3/../../../../arm-none-eabi/lib/armv7-m/libc.a(lib_a-reent.o)
 .debug_frame   0x000000000000187c       0x20 /usr/bin/../lib/gcc/arm-none-eabi/4.9.3/../../../../arm-none-eabi/lib/armv7-m/libnosys.a(sbrk.o)

Cross Reference Table

Symbol                                            File
ADC_IRQHandler                                    out/startup_stm32f401xc.o
AHBPrescTable                                     out/system_stm32f4xx.o
APBAHBPrescTable                                  out/stm32f4xx_hal_rcc.o
BusFault_Handler                                  out/startup_stm32f401xc.o
CDC_Receive_FS                                    out/usbd_cdc_if.o
CDC_Transmit_FS                                   out/usbd_cdc_if.o
                                                  out/stm32f4xx_it.o
DMA1_Stream0_IRQHandler                           out/startup_stm32f401xc.o
DMA1_Stream1_IRQHandler                           out/startup_stm32f401xc.o
DMA1_Stream2_IRQHandler                           out/startup_stm32f401xc.o
DMA1_Stream3_IRQHandler                           out/startup_stm32f401xc.o
DMA1_Stream4_IRQHandler                           out/startup_stm32f401xc.o
DMA1_Stream5_IRQHandler                           out/startup_stm32f401xc.o
DMA1_Stream6_IRQHandler                           out/startup_stm32f401xc.o
DMA1_Stream7_IRQHandler                           out/startup_stm32f401xc.o
DMA2_Stream0_IRQHandler                           out/startup_stm32f401xc.o
DMA2_Stream1_IRQHandler                           out/startup_stm32f401xc.o
DMA2_Stream2_IRQHandler                           out/startup_stm32f401xc.o
DMA2_Stream3_IRQHandler                           out/startup_stm32f401xc.o
DMA2_Stream4_IRQHandler                           out/startup_stm32f401xc.o
DMA2_Stream5_IRQHandler                           out/startup_stm32f401xc.o
DMA2_Stream6_IRQHandler                           out/startup_stm32f401xc.o
DMA2_Stream7_IRQHandler                           out/startup_stm32f401xc.o
DebugMon_Handler                                  out/startup_stm32f401xc.o
Default_Handler                                   out/startup_stm32f401xc.o
EXTI0_IRQHandler                                  out/stm32f4xx_it.o
                                                  out/startup_stm32f401xc.o
EXTI15_10_IRQHandler                              out/startup_stm32f401xc.o
EXTI1_IRQHandler                                  out/startup_stm32f401xc.o
EXTI2_IRQHandler                                  out/startup_stm32f401xc.o
EXTI3_IRQHandler                                  out/startup_stm32f401xc.o
EXTI4_IRQHandler                                  out/startup_stm32f401xc.o
EXTI9_5_IRQHandler                                out/startup_stm32f401xc.o
FLASH_Erase_Sector                                out/stm32f4xx_hal_flash_ex.o
                                                  out/stm32f4xx_hal_flash.o
FLASH_IRQHandler                                  out/startup_stm32f401xc.o
FLASH_WaitForLastOperation                        out/stm32f4xx_hal_flash.o
                                                  out/stm32f4xx_hal_flash_ex.o
FPU_IRQHandler                                    out/startup_stm32f401xc.o
FS_Desc                                           out/usbd_desc.o
                                                  out/usb_device.o
HAL_DBGMCU_DisableDBGSleepMode                    out/stm32f4xx_hal.o
HAL_DBGMCU_DisableDBGStandbyMode                  out/stm32f4xx_hal.o
HAL_DBGMCU_DisableDBGStopMode                     out/stm32f4xx_hal.o
HAL_DBGMCU_EnableDBGSleepMode                     out/stm32f4xx_hal.o
HAL_DBGMCU_EnableDBGStandbyMode                   out/stm32f4xx_hal.o
HAL_DBGMCU_EnableDBGStopMode                      out/stm32f4xx_hal.o
HAL_DMAEx_ChangeMemory                            out/stm32f4xx_hal_dma_ex.o
HAL_DMAEx_MultiBufferStart                        out/stm32f4xx_hal_dma_ex.o
HAL_DMAEx_MultiBufferStart_IT                     out/stm32f4xx_hal_dma_ex.o
HAL_DMA_Abort                                     out/stm32f4xx_hal_dma.o
HAL_DMA_DeInit                                    out/stm32f4xx_hal_dma.o
HAL_DMA_GetError                                  out/stm32f4xx_hal_dma.o
HAL_DMA_GetState                                  out/stm32f4xx_hal_dma.o
HAL_DMA_IRQHandler                                out/stm32f4xx_hal_dma.o
HAL_DMA_Init                                      out/stm32f4xx_hal_dma.o
HAL_DMA_PollForTransfer                           out/stm32f4xx_hal_dma.o
HAL_DMA_Start                                     out/stm32f4xx_hal_dma.o
HAL_DMA_Start_IT                                  out/stm32f4xx_hal_dma.o
HAL_DeInit                                        out/stm32f4xx_hal.o
HAL_Delay                                         out/stm32f4xx_hal.o
                                                  out/usbd_conf.o
                                                  out/stm32f4xx_ll_usb.o
HAL_DisableCompensationCell                       out/stm32f4xx_hal.o
HAL_EnableCompensationCell                        out/stm32f4xx_hal.o
HAL_FLASHEx_AdvOBGetConfig                        out/stm32f4xx_hal_flash_ex.o
HAL_FLASHEx_AdvOBProgram                          out/stm32f4xx_hal_flash_ex.o
HAL_FLASHEx_Erase                                 out/stm32f4xx_hal_flash_ex.o
HAL_FLASHEx_Erase_IT                              out/stm32f4xx_hal_flash_ex.o
HAL_FLASHEx_OBGetConfig                           out/stm32f4xx_hal_flash_ex.o
HAL_FLASHEx_OBProgram                             out/stm32f4xx_hal_flash_ex.o
HAL_FLASHEx_OB_DeSelectPCROP                      out/stm32f4xx_hal_flash_ex.o
HAL_FLASHEx_OB_SelectPCROP                        out/stm32f4xx_hal_flash_ex.o
HAL_FLASH_EndOfOperationCallback                  out/stm32f4xx_hal_flash.o
HAL_FLASH_GetError                                out/stm32f4xx_hal_flash.o
HAL_FLASH_IRQHandler                              out/stm32f4xx_hal_flash.o
HAL_FLASH_Lock                                    out/stm32f4xx_hal_flash.o
HAL_FLASH_OB_Launch                               out/stm32f4xx_hal_flash.o
HAL_FLASH_OB_Lock                                 out/stm32f4xx_hal_flash.o
HAL_FLASH_OB_Unlock                               out/stm32f4xx_hal_flash.o
HAL_FLASH_OperationErrorCallback                  out/stm32f4xx_hal_flash.o
HAL_FLASH_Program                                 out/stm32f4xx_hal_flash.o
HAL_FLASH_Program_IT                              out/stm32f4xx_hal_flash.o
HAL_FLASH_Unlock                                  out/stm32f4xx_hal_flash.o
HAL_GPIO_DeInit                                   out/stm32f4xx_hal_gpio.o
                                                  out/usbd_conf.o
HAL_GPIO_EXTI_Callback                            out/stm32f4xx_hal_gpio.o
HAL_GPIO_EXTI_IRQHandler                          out/stm32f4xx_hal_gpio.o
HAL_GPIO_Init                                     out/stm32f4xx_hal_gpio.o
                                                  out/main.o
                                                  out/usbd_conf.o
                                                  out/stm32f4xx_hal_rcc.o
HAL_GPIO_LockPin                                  out/stm32f4xx_hal_gpio.o
HAL_GPIO_ReadPin                                  out/stm32f4xx_hal_gpio.o
HAL_GPIO_TogglePin                                out/stm32f4xx_hal_gpio.o
HAL_GPIO_WritePin                                 out/stm32f4xx_hal_gpio.o
HAL_GetDEVID                                      out/stm32f4xx_hal.o
HAL_GetHalVersion                                 out/stm32f4xx_hal.o
HAL_GetREVID                                      out/stm32f4xx_hal.o
HAL_GetTick                                       out/stm32f4xx_hal.o
                                                  out/stm32f4xx_hal_pwr_ex.o
                                                  out/stm32f4xx_hal_rcc_ex.o
                                                  out/stm32f4xx_hal_dma.o
                                                  out/stm32f4xx_hal_flash.o
                                                  out/stm32f4xx_hal_rcc.o
HAL_IncTick                                       out/stm32f4xx_hal.o
                                                  out/stm32f4xx_it.o
HAL_Init                                          out/stm32f4xx_hal.o
                                                  out/main.o
HAL_InitTick                                      out/stm32f4xx_hal.o
                                                  out/stm32f4xx_hal_rcc.o
HAL_MspDeInit                                     out/stm32f4xx_hal.o
HAL_MspInit                                       out/stm32f4xx_hal_msp.o
                                                  out/stm32f4xx_hal.o
HAL_NVIC_ClearPendingIRQ                          out/stm32f4xx_hal_cortex.o
HAL_NVIC_DisableIRQ                               out/stm32f4xx_hal_cortex.o
                                                  out/usbd_conf.o
HAL_NVIC_EnableIRQ                                out/stm32f4xx_hal_cortex.o
                                                  out/main.o
                                                  out/usbd_conf.o
HAL_NVIC_GetActive                                out/stm32f4xx_hal_cortex.o
HAL_NVIC_GetPendingIRQ                            out/stm32f4xx_hal_cortex.o
HAL_NVIC_GetPriority                              out/stm32f4xx_hal_cortex.o
HAL_NVIC_GetPriorityGrouping                      out/stm32f4xx_hal_cortex.o
HAL_NVIC_SetPendingIRQ                            out/stm32f4xx_hal_cortex.o
HAL_NVIC_SetPriority                              out/stm32f4xx_hal_cortex.o
                                                  out/stm32f4xx_hal_msp.o
                                                  out/main.o
                                                  out/usbd_conf.o
                                                  out/stm32f4xx_hal.o
HAL_NVIC_SetPriorityGrouping                      out/stm32f4xx_hal_cortex.o
                                                  out/stm32f4xx_hal_msp.o
                                                  out/stm32f4xx_hal.o
HAL_NVIC_SystemReset                              out/stm32f4xx_hal_cortex.o
HAL_PCDEx_SetRxFiFo                               out/stm32f4xx_hal_pcd_ex.o
                                                  out/usbd_conf.o
HAL_PCDEx_SetTxFiFo                               out/stm32f4xx_hal_pcd_ex.o
                                                  out/usbd_conf.o
HAL_PCD_ActivateRemoteWakeup                      out/stm32f4xx_hal_pcd.o
HAL_PCD_ConnectCallback                           out/usbd_conf.o
                                                  out/stm32f4xx_hal_pcd.o
HAL_PCD_DataInStageCallback                       out/usbd_conf.o
                                                  out/stm32f4xx_hal_pcd.o
HAL_PCD_DataOutStageCallback                      out/usbd_conf.o
                                                  out/stm32f4xx_hal_pcd.o
HAL_PCD_DeActivateRemoteWakeup                    out/stm32f4xx_hal_pcd.o
HAL_PCD_DeInit                                    out/stm32f4xx_hal_pcd.o
                                                  out/usbd_conf.o
HAL_PCD_DevConnect                                out/stm32f4xx_hal_pcd.o
HAL_PCD_DevDisconnect                             out/stm32f4xx_hal_pcd.o
HAL_PCD_DisconnectCallback                        out/usbd_conf.o
                                                  out/stm32f4xx_hal_pcd.o
HAL_PCD_EP_Close                                  out/stm32f4xx_hal_pcd.o
                                                  out/usbd_conf.o
HAL_PCD_EP_ClrStall                               out/stm32f4xx_hal_pcd.o
                                                  out/usbd_conf.o
HAL_PCD_EP_Flush                                  out/stm32f4xx_hal_pcd.o
                                                  out/usbd_conf.o
HAL_PCD_EP_GetRxCount                             out/stm32f4xx_hal_pcd.o
                                                  out/usbd_conf.o
HAL_PCD_EP_Open                                   out/stm32f4xx_hal_pcd.o
                                                  out/usbd_conf.o
HAL_PCD_EP_Receive                                out/stm32f4xx_hal_pcd.o
                                                  out/usbd_conf.o
HAL_PCD_EP_SetStall                               out/stm32f4xx_hal_pcd.o
                                                  out/usbd_conf.o
HAL_PCD_EP_Transmit                               out/stm32f4xx_hal_pcd.o
                                                  out/usbd_conf.o
HAL_PCD_GetState                                  out/stm32f4xx_hal_pcd.o
HAL_PCD_IRQHandler                                out/stm32f4xx_hal_pcd.o
                                                  out/stm32f4xx_it.o
HAL_PCD_ISOINIncompleteCallback                   out/usbd_conf.o
                                                  out/stm32f4xx_hal_pcd.o
HAL_PCD_ISOOUTIncompleteCallback                  out/usbd_conf.o
                                                  out/stm32f4xx_hal_pcd.o
HAL_PCD_Init                                      out/stm32f4xx_hal_pcd.o
                                                  out/usbd_conf.o
HAL_PCD_MspDeInit                                 out/usbd_conf.o
                                                  out/stm32f4xx_hal_pcd.o
HAL_PCD_MspInit                                   out/usbd_conf.o
                                                  out/stm32f4xx_hal_pcd.o
HAL_PCD_ResetCallback                             out/usbd_conf.o
                                                  out/stm32f4xx_hal_pcd.o
HAL_PCD_ResumeCallback                            out/usbd_conf.o
                                                  out/stm32f4xx_hal_pcd.o
HAL_PCD_SOFCallback                               out/usbd_conf.o
                                                  out/stm32f4xx_hal_pcd.o
HAL_PCD_SetAddress                                out/stm32f4xx_hal_pcd.o
                                                  out/usbd_conf.o
HAL_PCD_SetupStageCallback                        out/usbd_conf.o
                                                  out/stm32f4xx_hal_pcd.o
HAL_PCD_Start                                     out/stm32f4xx_hal_pcd.o
                                                  out/usbd_conf.o
HAL_PCD_Stop                                      out/stm32f4xx_hal_pcd.o
                                                  out/usbd_conf.o
HAL_PCD_SuspendCallback                           out/usbd_conf.o
                                                  out/stm32f4xx_hal_pcd.o
HAL_PWREx_ControlVoltageScaling                   out/stm32f4xx_hal_pwr_ex.o
HAL_PWREx_DisableBkUpReg                          out/stm32f4xx_hal_pwr_ex.o
HAL_PWREx_DisableFlashPowerDown                   out/stm32f4xx_hal_pwr_ex.o
HAL_PWREx_DisableLowRegulatorLowVoltage           out/stm32f4xx_hal_pwr_ex.o
HAL_PWREx_DisableMainRegulatorLowVoltage          out/stm32f4xx_hal_pwr_ex.o
HAL_PWREx_EnableBkUpReg                           out/stm32f4xx_hal_pwr_ex.o
HAL_PWREx_EnableFlashPowerDown                    out/stm32f4xx_hal_pwr_ex.o
HAL_PWREx_EnableLowRegulatorLowVoltage            out/stm32f4xx_hal_pwr_ex.o
HAL_PWREx_EnableMainRegulatorLowVoltage           out/stm32f4xx_hal_pwr_ex.o
HAL_PWREx_GetVoltageRange                         out/stm32f4xx_hal_pwr_ex.o
HAL_PWR_ConfigPVD                                 out/stm32f4xx_hal_pwr.o
HAL_PWR_DeInit                                    out/stm32f4xx_hal_pwr.o
HAL_PWR_DisableBkUpAccess                         out/stm32f4xx_hal_pwr.o
HAL_PWR_DisablePVD                                out/stm32f4xx_hal_pwr.o
HAL_PWR_DisableSEVOnPend                          out/stm32f4xx_hal_pwr.o
HAL_PWR_DisableSleepOnExit                        out/stm32f4xx_hal_pwr.o
HAL_PWR_DisableWakeUpPin                          out/stm32f4xx_hal_pwr.o
HAL_PWR_EnableBkUpAccess                          out/stm32f4xx_hal_pwr.o
HAL_PWR_EnablePVD                                 out/stm32f4xx_hal_pwr.o
HAL_PWR_EnableSEVOnPend                           out/stm32f4xx_hal_pwr.o
HAL_PWR_EnableSleepOnExit                         out/stm32f4xx_hal_pwr.o
HAL_PWR_EnableWakeUpPin                           out/stm32f4xx_hal_pwr.o
HAL_PWR_EnterSLEEPMode                            out/stm32f4xx_hal_pwr.o
HAL_PWR_EnterSTANDBYMode                          out/stm32f4xx_hal_pwr.o
HAL_PWR_EnterSTOPMode                             out/stm32f4xx_hal_pwr.o
HAL_PWR_PVDCallback                               out/stm32f4xx_hal_pwr.o
HAL_PWR_PVD_IRQHandler                            out/stm32f4xx_hal_pwr.o
HAL_RCCEx_GetPeriphCLKConfig                      out/stm32f4xx_hal_rcc_ex.o
HAL_RCCEx_PeriphCLKConfig                         out/stm32f4xx_hal_rcc_ex.o
HAL_RCC_CSSCallback                               out/stm32f4xx_hal_rcc.o
HAL_RCC_ClockConfig                               out/stm32f4xx_hal_rcc.o
                                                  out/main.o
HAL_RCC_DeInit                                    out/stm32f4xx_hal_rcc.o
HAL_RCC_DisableCSS                                out/stm32f4xx_hal_rcc.o
HAL_RCC_EnableCSS                                 out/stm32f4xx_hal_rcc.o
HAL_RCC_GetClockConfig                            out/stm32f4xx_hal_rcc.o
HAL_RCC_GetHCLKFreq                               out/stm32f4xx_hal_rcc.o
                                                  out/main.o
                                                  out/stm32f4xx_hal.o
HAL_RCC_GetOscConfig                              out/stm32f4xx_hal_rcc.o
HAL_RCC_GetPCLK1Freq                              out/stm32f4xx_hal_rcc.o
HAL_RCC_GetPCLK2Freq                              out/stm32f4xx_hal_rcc.o
HAL_RCC_GetSysClockFreq                           out/stm32f4xx_hal_rcc.o
HAL_RCC_MCOConfig                                 out/stm32f4xx_hal_rcc.o
HAL_RCC_NMI_IRQHandler                            out/stm32f4xx_hal_rcc.o
HAL_RCC_OscConfig                                 out/stm32f4xx_hal_rcc.o
                                                  out/main.o
HAL_ResumeTick                                    out/stm32f4xx_hal.o
HAL_SYSTICK_CLKSourceConfig                       out/stm32f4xx_hal_cortex.o
                                                  out/main.o
HAL_SYSTICK_Callback                              out/stm32f4xx_hal_cortex.o
HAL_SYSTICK_Config                                out/stm32f4xx_hal_cortex.o
                                                  out/main.o
                                                  out/stm32f4xx_hal.o
HAL_SYSTICK_IRQHandler                            out/stm32f4xx_hal_cortex.o
                                                  out/stm32f4xx_it.o
HAL_SuspendTick                                   out/stm32f4xx_hal.o
HardFault_Handler                                 out/startup_stm32f401xc.o
I2C1_ER_IRQHandler                                out/startup_stm32f401xc.o
I2C1_EV_IRQHandler                                out/startup_stm32f401xc.o
I2C2_ER_IRQHandler                                out/startup_stm32f401xc.o
I2C2_EV_IRQHandler                                out/startup_stm32f401xc.o
I2C3_ER_IRQHandler                                out/startup_stm32f401xc.o
I2C3_EV_IRQHandler                                out/startup_stm32f401xc.o
MX_USB_DEVICE_Init                                out/usb_device.o
                                                  out/main.o
MemManage_Handler                                 out/startup_stm32f401xc.o
NMI_Handler                                       out/startup_stm32f401xc.o
OTG_FS_IRQHandler                                 out/stm32f4xx_it.o
                                                  out/startup_stm32f401xc.o
OTG_FS_WKUP_IRQHandler                            out/startup_stm32f401xc.o
PVD_IRQHandler                                    out/startup_stm32f401xc.o
PendSV_Handler                                    out/startup_stm32f401xc.o
RCC_IRQHandler                                    out/startup_stm32f401xc.o
RTC_Alarm_IRQHandler                              out/startup_stm32f401xc.o
RTC_WKUP_IRQHandler                               out/startup_stm32f401xc.o
Reset_Handler                                     out/startup_stm32f401xc.o
SDIO_IRQHandler                                   out/startup_stm32f401xc.o
SPI1_IRQHandler                                   out/startup_stm32f401xc.o
SPI2_IRQHandler                                   out/startup_stm32f401xc.o
SPI3_IRQHandler                                   out/startup_stm32f401xc.o
SPI4_IRQHandler                                   out/startup_stm32f401xc.o
SVC_Handler                                       out/startup_stm32f401xc.o
SysTick_Handler                                   out/stm32f4xx_it.o
                                                  out/startup_stm32f401xc.o
SystemClock_Config                                out/main.o
SystemCoreClock                                   out/system_stm32f4xx.o
                                                  out/stm32f4xx_hal_rcc.o
SystemCoreClockUpdate                             out/system_stm32f4xx.o
SystemInit                                        out/system_stm32f4xx.o
                                                  out/startup_stm32f401xc.o
TAMP_STAMP_IRQHandler                             out/startup_stm32f401xc.o
TIM1_BRK_TIM9_IRQHandler                          out/startup_stm32f401xc.o
TIM1_CC_IRQHandler                                out/startup_stm32f401xc.o
TIM1_TRG_COM_TIM11_IRQHandler                     out/startup_stm32f401xc.o
TIM1_UP_TIM10_IRQHandler                          out/startup_stm32f401xc.o
TIM2_IRQHandler                                   out/startup_stm32f401xc.o
TIM3_IRQHandler                                   out/startup_stm32f401xc.o
TIM4_IRQHandler                                   out/startup_stm32f401xc.o
TIM5_IRQHandler                                   out/startup_stm32f401xc.o
USART1_IRQHandler                                 out/startup_stm32f401xc.o
USART2_IRQHandler                                 out/startup_stm32f401xc.o
USART6_IRQHandler                                 out/startup_stm32f401xc.o
USBD_CDC                                          out/usbd_cdc.o
                                                  out/usb_device.o
USBD_CDC_CfgFSDesc                                out/usbd_cdc.o
USBD_CDC_CfgHSDesc                                out/usbd_cdc.o
USBD_CDC_GetDeviceQualifierDescriptor             out/usbd_cdc.o
USBD_CDC_OtherSpeedCfgDesc                        out/usbd_cdc.o
USBD_CDC_ReceivePacket                            out/usbd_cdc.o
                                                  out/usbd_cdc_if.o
USBD_CDC_RegisterInterface                        out/usbd_cdc.o
                                                  out/usb_device.o
USBD_CDC_SetRxBuffer                              out/usbd_cdc.o
                                                  out/usbd_cdc_if.o
USBD_CDC_SetTxBuffer                              out/usbd_cdc.o
                                                  out/usbd_cdc_if.o
USBD_CDC_TransmitPacket                           out/usbd_cdc.o
                                                  out/usbd_cdc_if.o
USBD_ClrClassConfig                               out/usbd_core.o
                                                  out/usbd_ctlreq.o
USBD_CtlContinueRx                                out/usbd_ioreq.o
                                                  out/usbd_core.o
USBD_CtlContinueSendData                          out/usbd_ioreq.o
                                                  out/usbd_core.o
USBD_CtlError                                     out/usbd_ctlreq.o
USBD_CtlPrepareRx                                 out/usbd_ioreq.o
                                                  out/usbd_cdc.o
USBD_CtlReceiveStatus                             out/usbd_ioreq.o
                                                  out/usbd_core.o
USBD_CtlSendData                                  out/usbd_ioreq.o
                                                  out/usbd_cdc.o
                                                  out/usbd_ctlreq.o
USBD_CtlSendStatus                                out/usbd_ioreq.o
                                                  out/usbd_core.o
                                                  out/usbd_ctlreq.o
USBD_DeInit                                       out/usbd_core.o
USBD_FS_ConfigStrDescriptor                       out/usbd_desc.o
USBD_FS_DeviceDesc                                out/usbd_desc.o
USBD_FS_DeviceDescriptor                          out/usbd_desc.o
USBD_FS_InterfaceStrDescriptor                    out/usbd_desc.o
USBD_FS_LangIDStrDescriptor                       out/usbd_desc.o
USBD_FS_ManufacturerStrDescriptor                 out/usbd_desc.o
USBD_FS_ProductStrDescriptor                      out/usbd_desc.o
USBD_FS_SerialStrDescriptor                       out/usbd_desc.o
USBD_GetRxCount                                   out/usbd_ioreq.o
USBD_GetString                                    out/usbd_ctlreq.o
                                                  out/usbd_desc.o
USBD_Init                                         out/usbd_core.o
                                                  out/usb_device.o
USBD_Interface_fops_FS                            out/usbd_cdc_if.o
                                                  out/usb_device.o
USBD_LL_ClearStallEP                              out/usbd_conf.o
                                                  out/usbd_ctlreq.o
USBD_LL_CloseEP                                   out/usbd_conf.o
                                                  out/usbd_cdc.o
USBD_LL_DataInStage                               out/usbd_core.o
                                                  out/usbd_conf.o
USBD_LL_DataOutStage                              out/usbd_core.o
                                                  out/usbd_conf.o
USBD_LL_DeInit                                    out/usbd_conf.o
                                                  out/usbd_core.o
USBD_LL_Delay                                     out/usbd_conf.o
USBD_LL_DevConnected                              out/usbd_core.o
                                                  out/usbd_conf.o
USBD_LL_DevDisconnected                           out/usbd_core.o
                                                  out/usbd_conf.o
USBD_LL_FlushEP                                   out/usbd_conf.o
USBD_LL_GetRxDataSize                             out/usbd_conf.o
                                                  out/usbd_cdc.o
                                                  out/usbd_ioreq.o
USBD_LL_Init                                      out/usbd_conf.o
                                                  out/usbd_core.o
USBD_LL_IsStallEP                                 out/usbd_conf.o
                                                  out/usbd_ctlreq.o
USBD_LL_IsoINIncomplete                           out/usbd_core.o
                                                  out/usbd_conf.o
USBD_LL_IsoOUTIncomplete                          out/usbd_core.o
                                                  out/usbd_conf.o
USBD_LL_OpenEP                                    out/usbd_conf.o
                                                  out/usbd_cdc.o
                                                  out/usbd_core.o
USBD_LL_PrepareReceive                            out/usbd_conf.o
                                                  out/usbd_cdc.o
                                                  out/usbd_core.o
                                                  out/usbd_ioreq.o
USBD_LL_Reset                                     out/usbd_core.o
                                                  out/usbd_conf.o
USBD_LL_Resume                                    out/usbd_core.o
                                                  out/usbd_conf.o
USBD_LL_SOF                                       out/usbd_core.o
                                                  out/usbd_conf.o
USBD_LL_SetSpeed                                  out/usbd_core.o
                                                  out/usbd_conf.o
USBD_LL_SetUSBAddress                             out/usbd_conf.o
                                                  out/usbd_ctlreq.o
USBD_LL_SetupStage                                out/usbd_core.o
                                                  out/usbd_conf.o
USBD_LL_StallEP                                   out/usbd_conf.o
                                                  out/usbd_core.o
                                                  out/usbd_ctlreq.o
USBD_LL_Start                                     out/usbd_conf.o
                                                  out/usbd_core.o
USBD_LL_Stop                                      out/usbd_conf.o
                                                  out/usbd_core.o
USBD_LL_Suspend                                   out/usbd_core.o
                                                  out/usbd_conf.o
USBD_LL_Transmit                                  out/usbd_conf.o
                                                  out/usbd_cdc.o
                                                  out/usbd_ioreq.o
USBD_LangIDDesc                                   out/usbd_desc.o
USBD_ParseSetupRequest                            out/usbd_ctlreq.o
                                                  out/usbd_core.o
USBD_RegisterClass                                out/usbd_core.o
                                                  out/usb_device.o
USBD_RunTestMode                                  out/usbd_core.o
USBD_SetClassConfig                               out/usbd_core.o
                                                  out/usbd_ctlreq.o
USBD_Start                                        out/usbd_core.o
                                                  out/usb_device.o
USBD_StdDevReq                                    out/usbd_ctlreq.o
                                                  out/usbd_core.o
USBD_StdEPReq                                     out/usbd_ctlreq.o
                                                  out/usbd_core.o
USBD_StdItfReq                                    out/usbd_ctlreq.o
                                                  out/usbd_core.o
USBD_Stop                                         out/usbd_core.o
USBD_StrDesc                                      out/usbd_desc.o
USB_ActivateDedicatedEndpoint                     out/stm32f4xx_ll_usb.o
USB_ActivateEndpoint                              out/stm32f4xx_ll_usb.o
                                                  out/stm32f4xx_hal_pcd.o
USB_ActivateSetup                                 out/stm32f4xx_ll_usb.o
                                                  out/stm32f4xx_hal_pcd.o
USB_ClearInterrupts                               out/stm32f4xx_ll_usb.o
USB_CoreInit                                      out/stm32f4xx_ll_usb.o
                                                  out/stm32f4xx_hal_pcd.o
USB_DeactivateDedicatedEndpoint                   out/stm32f4xx_ll_usb.o
USB_DeactivateEndpoint                            out/stm32f4xx_ll_usb.o
                                                  out/stm32f4xx_hal_pcd.o
USB_DevConnect                                    out/stm32f4xx_ll_usb.o
                                                  out/stm32f4xx_hal_pcd.o
USB_DevDisconnect                                 out/stm32f4xx_ll_usb.o
                                                  out/stm32f4xx_hal_pcd.o
USB_DevInit                                       out/stm32f4xx_ll_usb.o
                                                  out/stm32f4xx_hal_pcd.o
USB_DisableGlobalInt                              out/stm32f4xx_ll_usb.o
                                                  out/stm32f4xx_hal_pcd.o
USB_DoPing                                        out/stm32f4xx_ll_usb.o
USB_DriveVbus                                     out/stm32f4xx_ll_usb.o
USB_EP0StartXfer                                  out/stm32f4xx_ll_usb.o
                                                  out/stm32f4xx_hal_pcd.o
USB_EP0_OutStart                                  out/stm32f4xx_ll_usb.o
                                                  out/stm32f4xx_hal_pcd.o
USB_EPClearStall                                  out/stm32f4xx_ll_usb.o
                                                  out/stm32f4xx_hal_pcd.o
USB_EPSetStall                                    out/stm32f4xx_ll_usb.o
                                                  out/stm32f4xx_hal_pcd.o
USB_EPStartXfer                                   out/stm32f4xx_ll_usb.o
                                                  out/stm32f4xx_hal_pcd.o
USB_EnableGlobalInt                               out/stm32f4xx_ll_usb.o
                                                  out/stm32f4xx_hal_pcd.o
USB_FlushRxFifo                                   out/stm32f4xx_ll_usb.o
                                                  out/stm32f4xx_hal_pcd.o
USB_FlushTxFifo                                   out/stm32f4xx_ll_usb.o
                                                  out/stm32f4xx_hal_pcd.o
USB_GetCurrentFrame                               out/stm32f4xx_ll_usb.o
USB_GetDevSpeed                                   out/stm32f4xx_ll_usb.o
                                                  out/stm32f4xx_hal_pcd.o
USB_GetHostSpeed                                  out/stm32f4xx_ll_usb.o
USB_GetMode                                       out/stm32f4xx_ll_usb.o
                                                  out/stm32f4xx_hal_pcd.o
USB_HC_Halt                                       out/stm32f4xx_ll_usb.o
USB_HC_Init                                       out/stm32f4xx_ll_usb.o
USB_HC_ReadInterrupt                              out/stm32f4xx_ll_usb.o
USB_HC_StartXfer                                  out/stm32f4xx_ll_usb.o
USB_HostInit                                      out/stm32f4xx_ll_usb.o
USB_InitFSLSPClkSel                               out/stm32f4xx_ll_usb.o
USB_ReadDevAllInEpInterrupt                       out/stm32f4xx_ll_usb.o
                                                  out/stm32f4xx_hal_pcd.o
USB_ReadDevAllOutEpInterrupt                      out/stm32f4xx_ll_usb.o
                                                  out/stm32f4xx_hal_pcd.o
USB_ReadDevInEPInterrupt                          out/stm32f4xx_ll_usb.o
                                                  out/stm32f4xx_hal_pcd.o
USB_ReadDevOutEPInterrupt                         out/stm32f4xx_ll_usb.o
                                                  out/stm32f4xx_hal_pcd.o
USB_ReadInterrupts                                out/stm32f4xx_ll_usb.o
                                                  out/stm32f4xx_hal_pcd.o
USB_ReadPacket                                    out/stm32f4xx_ll_usb.o
                                                  out/stm32f4xx_hal_pcd.o
USB_ResetPort                                     out/stm32f4xx_ll_usb.o
USB_SetCurrentMode                                out/stm32f4xx_ll_usb.o
                                                  out/stm32f4xx_hal_pcd.o
USB_SetDevAddress                                 out/stm32f4xx_ll_usb.o
                                                  out/stm32f4xx_hal_pcd.o
USB_SetDevSpeed                                   out/stm32f4xx_ll_usb.o
USB_StopDevice                                    out/stm32f4xx_ll_usb.o
                                                  out/stm32f4xx_hal_pcd.o
USB_StopHost                                      out/stm32f4xx_ll_usb.o
USB_WritePacket                                   out/stm32f4xx_ll_usb.o
                                                  out/stm32f4xx_hal_pcd.o
UsageFault_Handler                                out/startup_stm32f401xc.o
UserRxBufferFS                                    out/usbd_cdc_if.o
UserTxBufferFS                                    out/usbd_cdc_if.o
WWDG_IRQHandler                                   out/startup_stm32f401xc.o
__malloc_av_                                      /usr/bin/../lib/gcc/arm-none-eabi/4.9.3/../../../../arm-none-eabi/lib/armv7-m/libc.a(lib_a-mallocr.o)
                                                  /usr/bin/../lib/gcc/arm-none-eabi/4.9.3/../../../../arm-none-eabi/lib/armv7-m/libc.a(lib_a-freer.o)
__malloc_current_mallinfo                         /usr/bin/../lib/gcc/arm-none-eabi/4.9.3/../../../../arm-none-eabi/lib/armv7-m/libc.a(lib_a-mallocr.o)
                                                  /usr/bin/../lib/gcc/arm-none-eabi/4.9.3/../../../../arm-none-eabi/lib/armv7-m/libc.a(lib_a-freer.o)
__malloc_lock                                     /usr/bin/../lib/gcc/arm-none-eabi/4.9.3/../../../../arm-none-eabi/lib/armv7-m/libc.a(lib_a-mlock.o)
                                                  /usr/bin/../lib/gcc/arm-none-eabi/4.9.3/../../../../arm-none-eabi/lib/armv7-m/libc.a(lib_a-freer.o)
                                                  /usr/bin/../lib/gcc/arm-none-eabi/4.9.3/../../../../arm-none-eabi/lib/armv7-m/libc.a(lib_a-mallocr.o)
__malloc_max_sbrked_mem                           /usr/bin/../lib/gcc/arm-none-eabi/4.9.3/../../../../arm-none-eabi/lib/armv7-m/libc.a(lib_a-mallocr.o)
__malloc_max_total_mem                            /usr/bin/../lib/gcc/arm-none-eabi/4.9.3/../../../../arm-none-eabi/lib/armv7-m/libc.a(lib_a-mallocr.o)
__malloc_sbrk_base                                /usr/bin/../lib/gcc/arm-none-eabi/4.9.3/../../../../arm-none-eabi/lib/armv7-m/libc.a(lib_a-mallocr.o)
                                                  /usr/bin/../lib/gcc/arm-none-eabi/4.9.3/../../../../arm-none-eabi/lib/armv7-m/libc.a(lib_a-freer.o)
__malloc_top_pad                                  /usr/bin/../lib/gcc/arm-none-eabi/4.9.3/../../../../arm-none-eabi/lib/armv7-m/libc.a(lib_a-mallocr.o)
                                                  /usr/bin/../lib/gcc/arm-none-eabi/4.9.3/../../../../arm-none-eabi/lib/armv7-m/libc.a(lib_a-freer.o)
__malloc_trim_threshold                           /usr/bin/../lib/gcc/arm-none-eabi/4.9.3/../../../../arm-none-eabi/lib/armv7-m/libc.a(lib_a-mallocr.o)
                                                  /usr/bin/../lib/gcc/arm-none-eabi/4.9.3/../../../../arm-none-eabi/lib/armv7-m/libc.a(lib_a-freer.o)
__malloc_unlock                                   /usr/bin/../lib/gcc/arm-none-eabi/4.9.3/../../../../arm-none-eabi/lib/armv7-m/libc.a(lib_a-mlock.o)
                                                  /usr/bin/../lib/gcc/arm-none-eabi/4.9.3/../../../../arm-none-eabi/lib/armv7-m/libc.a(lib_a-freer.o)
                                                  /usr/bin/../lib/gcc/arm-none-eabi/4.9.3/../../../../arm-none-eabi/lib/armv7-m/libc.a(lib_a-mallocr.o)
_ebss                                             out/startup_stm32f401xc.o
_edata                                            out/startup_stm32f401xc.o
_estack                                           out/startup_stm32f401xc.o
_free_r                                           /usr/bin/../lib/gcc/arm-none-eabi/4.9.3/../../../../arm-none-eabi/lib/armv7-m/libc.a(lib_a-freer.o)
                                                  /usr/bin/../lib/gcc/arm-none-eabi/4.9.3/../../../../arm-none-eabi/lib/armv7-m/libc.a(lib_a-reent.o)
                                                  /usr/bin/../lib/gcc/arm-none-eabi/4.9.3/../../../../arm-none-eabi/lib/armv7-m/libc.a(lib_a-mallocr.o)
                                                  /usr/bin/../lib/gcc/arm-none-eabi/4.9.3/../../../../arm-none-eabi/lib/armv7-m/libc.a(lib_a-malloc.o)
_global_impure_ptr                                /usr/bin/../lib/gcc/arm-none-eabi/4.9.3/../../../../arm-none-eabi/lib/armv7-m/libc.a(lib_a-impure.o)
_impure_ptr                                       /usr/bin/../lib/gcc/arm-none-eabi/4.9.3/../../../../arm-none-eabi/lib/armv7-m/libc.a(lib_a-impure.o)
                                                  /usr/bin/../lib/gcc/arm-none-eabi/4.9.3/../../../../arm-none-eabi/lib/armv7-m/libc.a(lib_a-reent.o)
                                                  /usr/bin/../lib/gcc/arm-none-eabi/4.9.3/../../../../arm-none-eabi/lib/armv7-m/libc.a(lib_a-malloc.o)
_malloc_r                                         /usr/bin/../lib/gcc/arm-none-eabi/4.9.3/../../../../arm-none-eabi/lib/armv7-m/libc.a(lib_a-mallocr.o)
                                                  /usr/bin/../lib/gcc/arm-none-eabi/4.9.3/../../../../arm-none-eabi/lib/armv7-m/libc.a(lib_a-malloc.o)
_malloc_trim_r                                    /usr/bin/../lib/gcc/arm-none-eabi/4.9.3/../../../../arm-none-eabi/lib/armv7-m/libc.a(lib_a-freer.o)
_reclaim_reent                                    /usr/bin/../lib/gcc/arm-none-eabi/4.9.3/../../../../arm-none-eabi/lib/armv7-m/libc.a(lib_a-reent.o)
_sbrk                                             /usr/bin/../lib/gcc/arm-none-eabi/4.9.3/../../../../arm-none-eabi/lib/armv7-m/libnosys.a(sbrk.o)
                                                  /usr/bin/../lib/gcc/arm-none-eabi/4.9.3/../../../../arm-none-eabi/lib/armv7-m/libc.a(lib_a-sbrkr.o)
_sbrk_r                                           /usr/bin/../lib/gcc/arm-none-eabi/4.9.3/../../../../arm-none-eabi/lib/armv7-m/libc.a(lib_a-sbrkr.o)
                                                  /usr/bin/../lib/gcc/arm-none-eabi/4.9.3/../../../../arm-none-eabi/lib/armv7-m/libc.a(lib_a-freer.o)
                                                  /usr/bin/../lib/gcc/arm-none-eabi/4.9.3/../../../../arm-none-eabi/lib/armv7-m/libc.a(lib_a-mallocr.o)
_sbss                                             out/startup_stm32f401xc.o
_sdata                                            out/startup_stm32f401xc.o
_sidata                                           out/startup_stm32f401xc.o
cleanup_glue                                      /usr/bin/../lib/gcc/arm-none-eabi/4.9.3/../../../../arm-none-eabi/lib/armv7-m/libc.a(lib_a-reent.o)
end                                               /usr/bin/../lib/gcc/arm-none-eabi/4.9.3/../../../../arm-none-eabi/lib/armv7-m/libnosys.a(sbrk.o)
errno                                             /usr/bin/../lib/gcc/arm-none-eabi/4.9.3/../../../../arm-none-eabi/lib/armv7-m/libc.a(lib_a-reent.o)
                                                  /usr/bin/../lib/gcc/arm-none-eabi/4.9.3/../../../../arm-none-eabi/lib/armv7-m/libc.a(lib_a-sbrkr.o)
free                                              /usr/bin/../lib/gcc/arm-none-eabi/4.9.3/../../../../arm-none-eabi/lib/armv7-m/libc.a(lib_a-malloc.o)
                                                  out/usbd_cdc.o
g_pfnVectors                                      out/startup_stm32f401xc.o
hUsbDeviceFS                                      out/usb_device.o
                                                  out/usbd_cdc_if.o
hUsbDevice_0                                      out/usbd_cdc_if.o
hpcd_USB_OTG_FS                                   out/usbd_conf.o
                                                  out/stm32f4xx_it.o
main                                              out/main.o
                                                  out/startup_stm32f401xc.o
malloc                                            /usr/bin/../lib/gcc/arm-none-eabi/4.9.3/../../../../arm-none-eabi/lib/armv7-m/libc.a(lib_a-malloc.o)
                                                  out/usbd_cdc.o
pFlash                                            out/stm32f4xx_hal_flash.o
                                                  out/stm32f4xx_hal_flash_ex.o